Component: ARM Compiler 5.06 update 6 (build 750) Tool: armlink [4d35ed]

==============================================================================

Section Cross References

    startup_stm32f407xx.o(RESET) refers to startup_stm32f407xx.o(STACK) for __initial_sp
    startup_stm32f407xx.o(RESET) refers to startup_stm32f407xx.o(.text) for Reset_Handler
    startup_stm32f407xx.o(RESET) refers to stm32f4xx_it.o(i.NMI_Handler) for NMI_Handler
    startup_stm32f407xx.o(RESET) refers to stm32f4xx_it.o(i.HardFault_Handler) for HardFault_Handler
    startup_stm32f407xx.o(RESET) refers to stm32f4xx_it.o(i.MemManage_Handler) for MemManage_Handler
    startup_stm32f407xx.o(RESET) refers to stm32f4xx_it.o(i.BusFault_Handler) for BusFault_Handler
    startup_stm32f407xx.o(RESET) refers to stm32f4xx_it.o(i.UsageFault_Handler) for UsageFault_Handler
    startup_stm32f407xx.o(RESET) refers to port.o(.emb_text) for SVC_Handler
    startup_stm32f407xx.o(RESET) refers to stm32f4xx_it.o(i.DebugMon_Handler) for DebugMon_Handler
    startup_stm32f407xx.o(RESET) refers to port.o(i.SysTick_Handler) for SysTick_Handler
    startup_stm32f407xx.o(RESET) refers to stm32f4xx_it.o(i.TIM6_DAC_IRQHandler) for TIM6_DAC_IRQHandler
    startup_stm32f407xx.o(.text) refers to system_stm32f4xx.o(i.SystemInit) for SystemInit
    startup_stm32f407xx.o(.text) refers to entry.o(.ARM.Collect$$$$00000000) for __main
    main.o(i.HAL_TIM_PeriodElapsedCallback) refers to stm32f4xx_hal.o(i.HAL_IncTick) for HAL_IncTick
    main.o(i.SystemClock_Config) refers to memseta.o(.text) for __aeabi_memclr4
    main.o(i.SystemClock_Config) refers to stm32f4xx_hal_rcc.o(i.HAL_RCC_OscConfig) for HAL_RCC_OscConfig
    main.o(i.SystemClock_Config) refers to stm32f4xx_hal_rcc.o(i.HAL_RCC_ClockConfig) for HAL_RCC_ClockConfig
    main.o(i.main) refers to stm32f4xx_hal.o(i.HAL_Init) for HAL_Init
    main.o(i.main) refers to main.o(i.SystemClock_Config) for SystemClock_Config
    main.o(i.main) refers to gpio.o(i.MX_GPIO_Init) for MX_GPIO_Init
    main.o(i.main) refers to spi.o(i.MX_SPI1_Init) for MX_SPI1_Init
    main.o(i.main) refers to bsp_dwt.o(i.DWT_Init) for DWT_Init
    main.o(i.main) refers to bmi088driver.o(i.BMI088_init) for BMI088_init
    main.o(i.main) refers to freertos.o(i.MX_FREERTOS_Init) for MX_FREERTOS_Init
    main.o(i.main) refers to cmsis_os.o(i.osKernelStart) for osKernelStart
    main.o(i.main) refers to spi.o(.bss) for hspi1
    gpio.o(i.MX_GPIO_Init) refers to memseta.o(.text) for __aeabi_memclr4
    gpio.o(i.MX_GPIO_Init) refers to stm32f4xx_hal_gpio.o(i.HAL_GPIO_WritePin) for HAL_GPIO_WritePin
    gpio.o(i.MX_GPIO_Init) refers to stm32f4xx_hal_gpio.o(i.HAL_GPIO_Init) for HAL_GPIO_Init
    freertos.o(i.MX_FREERTOS_Init) refers to memcpya.o(.text) for __aeabi_memcpy4
    freertos.o(i.MX_FREERTOS_Init) refers to cmsis_os.o(i.osThreadCreate) for osThreadCreate
    freertos.o(i.MX_FREERTOS_Init) refers to freertos.o(.constdata) for .constdata
    freertos.o(i.MX_FREERTOS_Init) refers to freertos.o(.data) for .data
    freertos.o(i.bmi088) refers to ins_task.o(i.INS_Init) for INS_Init
    freertos.o(i.bmi088) refers to ins_task.o(i.INS_Task) for INS_Task
    freertos.o(i.bmi088) refers to cmsis_os.o(i.osDelay) for osDelay
    freertos.o(i.vApplicationGetIdleTaskMemory) refers to freertos.o(.bss) for .bss
    freertos.o(.constdata) refers to freertos.o(.conststring) for .conststring
    freertos.o(.constdata) refers to freertos.o(i.bmi088) for bmi088
    spi.o(i.HAL_SPI_MspDeInit) refers to stm32f4xx_hal_gpio.o(i.HAL_GPIO_DeInit) for HAL_GPIO_DeInit
    spi.o(i.HAL_SPI_MspInit) refers to memseta.o(.text) for __aeabi_memclr4
    spi.o(i.HAL_SPI_MspInit) refers to stm32f4xx_hal_gpio.o(i.HAL_GPIO_Init) for HAL_GPIO_Init
    spi.o(i.MX_SPI1_Init) refers to stm32f4xx_hal_spi.o(i.HAL_SPI_Init) for HAL_SPI_Init
    spi.o(i.MX_SPI1_Init) refers to main.o(i.Error_Handler) for Error_Handler
    spi.o(i.MX_SPI1_Init) refers to spi.o(.bss) for .bss
    stm32f4xx_it.o(i.TIM6_DAC_IRQHandler) refers to stm32f4xx_hal_tim.o(i.HAL_TIM_IRQHandler) for HAL_TIM_IRQHandler
    stm32f4xx_it.o(i.TIM6_DAC_IRQHandler) refers to stm32f4xx_hal_timebase_tim.o(.bss) for htim6
    stm32f4xx_hal_msp.o(i.HAL_MspInit) refers to stm32f4xx_hal_cortex.o(i.HAL_NVIC_SetPriority) for HAL_NVIC_SetPriority
    stm32f4xx_hal_timebase_tim.o(i.HAL_InitTick) refers to stm32f4xx_hal_rcc.o(i.HAL_RCC_GetClockConfig) for HAL_RCC_GetClockConfig
    stm32f4xx_hal_timebase_tim.o(i.HAL_InitTick) refers to stm32f4xx_hal_rcc.o(i.HAL_RCC_GetPCLK1Freq) for HAL_RCC_GetPCLK1Freq
    stm32f4xx_hal_timebase_tim.o(i.HAL_InitTick) refers to stm32f4xx_hal_tim.o(i.HAL_TIM_Base_Init) for HAL_TIM_Base_Init
    stm32f4xx_hal_timebase_tim.o(i.HAL_InitTick) refers to stm32f4xx_hal_tim.o(i.HAL_TIM_Base_Start_IT) for HAL_TIM_Base_Start_IT
    stm32f4xx_hal_timebase_tim.o(i.HAL_InitTick) refers to stm32f4xx_hal_cortex.o(i.HAL_NVIC_EnableIRQ) for HAL_NVIC_EnableIRQ
[...]
    .text                                    0x08000306   Section        0  memseta.o(.text)
    .text                                    0x0800032a   Section        0  fadd.o(.text)
    .text                                    0x080003da   Section        0  fmul.o(.text)
    .text                                    0x0800043e   Section        0  fdiv.o(.text)
    .text                                    0x080004ba   Section        0  fcmple.o(.text)
    .text                                    0x080004d6   Section        0  fcmplt.o(.text)
    .text                                    0x080004f2   Section        0  fcmpgt.o(.text)
    .text                                    0x0800050e   Section        0  fcmpeq.o(.text)
    .text                                    0x0800052a   Section        0  llshl.o(.text)
    .text                                    0x08000548   Section        0  llushr.o(.text)
    .text                                    0x08000568   Section        0  iusefp.o(.text)
    .text                                    0x08000568   Section        0  fepilogue.o(.text)
    .text                                    0x080005d8   Section       36  init.o(.text)
    .text                                    0x080005fc   Section        0  __dczerorl2.o(.text)
    [Anonymous Symbol]                       0x08000654   Section        0  arm_mat_add_f32.o(.text.arm_mat_add_f32)
    [Anonymous Symbol]                       0x080006e8   Section        0  arm_mat_init_f32.o(.text.arm_mat_init_f32)
    [Anonymous Symbol]                       0x080006f0   Section        0  arm_mat_inverse_f32.o(.text.arm_mat_inverse_f32)
    [Anonymous Symbol]                       0x080009cc   Section        0  arm_mat_mult_f32.o(.text.arm_mat_mult_f32)
    [Anonymous Symbol]                       0x08000b44   Section        0  arm_mat_sub_f32.o(.text.arm_mat_sub_f32)
    [Anonymous Symbol]                       0x08000bd8   Section        0  arm_mat_trans_f32.o(.text.arm_mat_trans_f32)
    i.BMI088_ACCEL_NS_H                      0x08000c8c   Section        0  bmi088middleware.o(i.BMI088_ACCEL_NS_H)
    i.BMI088_ACCEL_NS_L                      0x08000c9c   Section        0  bmi088middleware.o(i.BMI088_ACCEL_NS_L)
    i.BMI088_GYRO_NS_H                       0x08000cac   Section        0  bmi088middleware.o(i.BMI088_GYRO_NS_H)
    i.BMI088_GYRO_NS_L                       0x08000cbc   Section        0  bmi088middleware.o(i.BMI088_GYRO_NS_L)
    i.BMI088_Read                            0x08000ccc   Section        0  bmi088driver.o(i.BMI088_Read)
    i.BMI088_init                            0x08000e78   Section        0  bmi088driver.o(i.BMI088_init)
    i.BMI088_read_muli_reg                   0x08000f58   Section        0  bmi088driver.o(i.BMI088_read_muli_reg)
    BMI088_read_muli_reg                     0x08000f59   Thumb Code    36  bmi088driver.o(i.BMI088_read_muli_reg)
    i.BMI088_read_single_reg                 0x08000f7c   Section        0  bmi088driver.o(i.BMI088_read_single_reg)
    BMI088_read_single_reg                   0x08000f7d   Thumb Code    22  bmi088driver.o(i.BMI088_read_single_reg)
    i.BMI088_read_write_byte                 0x08000f94   Section        0  bmi088middleware.o(i.BMI088_read_write_byte)
    i.BMI088_write_single_reg                0x08000fb8   Section        0  bmi088driver.o(i.BMI088_write_single_reg)
    BMI088_write_single_reg                  0x08000fb9   Thumb Code    18  bmi088driver.o(i.BMI088_write_single_reg)
    i.BodyFrameToEarthFrame                  0x08000fca   Section        0  ins_task.o(i.BodyFrameToEarthFrame)
    i.BusFault_Handler                       0x080010b4   Section        0  stm32f4xx_it.o(i.BusFault_Handler)
    i.Calibrate_MPU_Offset                   0x080010b8   Section        0  bmi088driver.o(i.Calibrate_MPU_Offset)
    Calibrate_MPU_Offset                     0x080010b9   Thumb Code   978  bmi088driver.o(i.Calibrate_MPU_Offset)
    i.DWT_CNT_Update                         0x080014c8   Section        0  bsp_dwt.o(i.DWT_CNT_Update)
    DWT_CNT_Update                           0x080014c9   Thumb Code    30  bsp_dwt.o(i.DWT_CNT_Update)
    i.DWT_Delay                              0x080014f0   Section        0  bsp_dwt.o(i.DWT_Delay)
    i.DWT_GetDeltaT                          0x08001524   Section        0  bsp_dwt.o(i.DWT_GetDeltaT)
    i.DWT_GetTimeline_s                      0x08001568   Section        0  bsp_dwt.o(i.DWT_GetTimeline_s)
    i.DWT_Init                               0x080015ac   Section        0  bsp_dwt.o(i.DWT_Init)
    i.DWT_SysTimeUpdate                      0x080015f4   Section        0  bsp_dwt.o(i.DWT_SysTimeUpdate)
    i.DebugMon_Handler                       0x08001688   Section        0  stm32f4xx_it.o(i.DebugMon_Handler)
    i.EarthFrameToBodyFrame                  0x0800168a   Section        0  ins_task.o(i.EarthFrameToBodyFrame)
    i.Error_Handler                          0x08001774   Section        0  main.o(i.Error_Handler)
    i.HAL_Delay                              0x08001778   Section        0  stm32f4xx_hal.o(i.HAL_Delay)
    i.HAL_GPIO_Init                          0x0800179c   Section        0  stm32f4xx_hal_gpio.o(i.HAL_GPIO_Init)
    i.HAL_GPIO_WritePin                      0x0800198c   Section        0  stm32f4xx_hal_gpio.o(i.HAL_GPIO_WritePin)
    i.HAL_GetTick                            0x08001998   Section        0  stm32f4xx_hal.o(i.HAL_GetTick)
    i.HAL_IncTick                            0x080019a4   Section        0  stm32f4xx_hal.o(i.HAL_IncTick)
    i.HAL_Init                               0x080019b4   Section        0  stm32f4xx_hal.o(i.HAL_Init)
    i.HAL_InitTick                           0x080019e8   Section        0  stm32f4xx_hal_timebase_tim.o(i.HAL_InitTick)
    i.HAL_MspInit                            0x08001a80   Section        0  stm32f4xx_hal_msp.o(i.HAL_MspInit)
    i.HAL_NVIC_EnableIRQ                     0x08001ab8   Section        0  stm32f4xx_hal_cortex.o(i.HAL_NVIC_EnableIRQ)
    i.HAL_NVIC_SetPriority                   0x08001ad4   Section        0  stm32f4xx_hal_cortex.o(i.HAL_NVIC_SetPriority)
    i.HAL_NVIC_SetPriorityGrouping           0x08001b14   Section        0  stm32f4xx_hal_cortex.o(i.HAL_NVIC_SetPriorityGrouping)
    i.HAL_RCC_ClockConfig                    0x08001b38   Section        0  stm32f4xx_hal_rcc.o(i.HAL_RCC_ClockConfig)
    i.HAL_RCC_GetClockConfig                 0x08001c6c   Section        0  stm32f4xx_hal_rcc.o(i.HAL_RCC_GetClockConfig)
    i.HAL_RCC_GetPCLK1Freq                   0x08001cac   Section        0  stm32f4xx_hal_rcc.o(i.HAL_RCC_GetPCLK1Freq)
    i.HAL_RCC_GetSysClockFreq                0x08001ccc   Section        0  stm32f4xx_hal_rcc.o(i.HAL_RCC_GetSysClockFreq)
    i.HAL_RCC_OscConfig                      0x08001d30   Section        0  stm32f4xx_hal_rcc.o(i.HAL_RCC_OscConfig)
    i.HAL_SPI_Init                           0x0800209c   Section        0  stm32f4xx_hal_spi.o(i.HAL_SPI_Init)
    i.HAL_SPI_MspInit                        0x08002158   Section        0  spi.o(i.HAL_SPI_MspInit)
    i.HAL_SPI_TransmitReceive                0x080021c0   Section        0  stm32f4xx_hal_spi.o(i.HAL_SPI_TransmitReceive)
    i.HAL_TIMEx_BreakCallback                0x080023ae   Section        0  stm32f4xx_hal_tim_ex.o(i.HAL_TIMEx_BreakCallback)
    i.HAL_TIMEx_CommutCallback               0x080023b0   Section        0  stm32f4xx_hal_tim_ex.o(i.HAL_TIMEx_CommutCallback)
    i.HAL_TIM_Base_Init                      0x080023b2   Section        0  stm32f4xx_hal_tim.o(i.HAL_TIM_Base_Init)
    i.HAL_TIM_Base_MspInit                   0x0800240c   Section        0  stm32f4xx_hal_tim.o(i.HAL_TIM_Base_MspInit)
    i.HAL_TIM_Base_Start_IT                  0x08002410   Section        0  stm32f4xx_hal_tim.o(i.HAL_TIM_Base_Start_IT)
    i.HAL_TIM_IC_CaptureCallback             0x08002490   Section        0  stm32f4xx_hal_tim.o(i.HAL_TIM_IC_CaptureCallback)
    i.HAL_TIM_IRQHandler                     0x08002492   Section        0  stm32f4xx_hal_tim.o(i.HAL_TIM_IRQHandler)
    i.HAL_TIM_OC_DelayElapsedCallback        0x080025c2   Section        0  stm32f4xx_hal_tim.o(i.HAL_TIM_OC_DelayElapsedCallback)
    i.HAL_TIM_PWM_PulseFinishedCallback      0x080025c4   Section        0  stm32f4xx_hal_tim.o(i.HAL_TIM_PWM_PulseFinishedCallback)
    i.HAL_TIM_PeriodElapsedCallback          0x080025c8   Section        0  main.o(i.HAL_TIM_PeriodElapsedCallback)
    i.HAL_TIM_TriggerCallback                0x080025dc   Section        0  stm32f4xx_hal_tim.o(i.HAL_TIM_TriggerCallback)
    i.H_K_R_Adjustment                       0x080025e0   Section        0  kalman_filter.o(i.H_K_R_Adjustment)
    H_K_R_Adjustment                         0x080025e1   Thumb Code   248  kalman_filter.o(i.H_K_R_Adjustment)
    i.HardFault_Handler                      0x080026dc   Section        0  stm32f4xx_it.o(i.HardFault_Handler)
    i.IMU_QuaternionEKF_F_Linearization_P_Fading 0x080026e0   Section        0  quaternionekf.o(i.IMU_QuaternionEKF_F_Linearization_P_Fading)
    IMU_QuaternionEKF_F_Linearization_P_Fading 0x080026e1   Thumb Code   332  quaternionekf.o(i.IMU_QuaternionEKF_F_Linearization_P_Fading)
    i.IMU_QuaternionEKF_Init                 0x08002838   Section        0  quaternionekf.o(i.IMU_QuaternionEKF_Init)
    i.IMU_QuaternionEKF_Observe              0x08002914   Section        0  quaternionekf.o(i.IMU_QuaternionEKF_Observe)
    IMU_QuaternionEKF_Observe                0x08002915   Thumb Code    42  quaternionekf.o(i.IMU_QuaternionEKF_Observe)
    i.IMU_QuaternionEKF_SetH                 0x08002948   Section        0  quaternionekf.o(i.IMU_QuaternionEKF_SetH)
    IMU_QuaternionEKF_SetH                   0x08002949   Thumb Code   188  quaternionekf.o(i.IMU_QuaternionEKF_SetH)
    i.IMU_QuaternionEKF_Update               0x08002a0c   Section        0  quaternionekf.o(i.IMU_QuaternionEKF_Update)
    i.IMU_QuaternionEKF_xhatUpdate           0x08002e20   Section        0  quaternionekf.o(i.IMU_QuaternionEKF_xhatUpdate)
    IMU_QuaternionEKF_xhatUpdate             0x08002e21   Thumb Code   912  quaternionekf.o(i.IMU_QuaternionEKF_xhatUpdate)
    i.INS_Init                               0x080031d8   Section        0  ins_task.o(i.INS_Init)
    i.INS_Task                               0x08003238   Section        0  ins_task.o(i.INS_Task)
    i.Kalman_Filter_Init                     0x080033c0   Section        0  kalman_filter.o(i.Kalman_Filter_Init)
    i.Kalman_Filter_Measure                  0x080037a8   Section        0  kalman_filter.o(i.Kalman_Filter_Measure)
    i.Kalman_Filter_P_Update                 0x080037f0   Section        0  kalman_filter.o(i.Kalman_Filter_P_Update)
    i.Kalman_Filter_PminusUpdate             0x0800385a   Section        0  kalman_filter.o(i.Kalman_Filter_PminusUpdate)
    i.Kalman_Filter_SetK                     0x080038c6   Section        0  kalman_filter.o(i.Kalman_Filter_SetK)
    i.Kalman_Filter_Update                   0x08003994   Section        0  kalman_filter.o(i.Kalman_Filter_Update)
    i.Kalman_Filter_xhatMinusUpdate          0x08003a7c   Section        0  kalman_filter.o(i.Kalman_Filter_xhatMinusUpdate)
    i.Kalman_Filter_xhatUpdate               0x08003af0   Section        0  kalman_filter.o(i.Kalman_Filter_xhatUpdate)
    i.MX_FREERTOS_Init                       0x08003b74   Section        0  freertos.o(i.MX_FREERTOS_Init)
    i.MX_GPIO_Init                           0x08003b9c   Section        0  gpio.o(i.MX_GPIO_Init)
    i.MX_SPI1_Init                           0x08003c1c   Section        0  spi.o(i.MX_SPI1_Init)
    i.MemManage_Handler                      0x08003c64   Section        0  stm32f4xx_it.o(i.MemManage_Handler)
    i.NMI_Handler                            0x08003c66   Section        0  stm32f4xx_it.o(i.NMI_Handler)
    i.SPI_EndRxTxTransaction                 0x08003c68   Section        0  stm32f4xx_hal_spi.o(i.SPI_EndRxTxTransaction)
    SPI_EndRxTxTransaction                   0x08003c69   Thumb Code    98  stm32f4xx_hal_spi.o(i.SPI_EndRxTxTransaction)
    i.SPI_WaitFlagStateUntilTimeout          0x08003cd4   Section        0  stm32f4xx_hal_spi.o(i.SPI_WaitFlagStateUntilTimeout)
    SPI_WaitFlagStateUntilTimeout            0x08003cd5   Thumb Code   180  stm32f4xx_hal_spi.o(i.SPI_WaitFlagStateUntilTimeout)
    i.SysTick_Handler                        0x08003d8c   Section        0  port.o(i.SysTick_Handler)
    i.SystemClock_Config                     0x08003db8   Section        0  main.o(i.SystemClock_Config)
    i.SystemInit                             0x08003e50   Section        0  system_stm32f4xx.o(i.SystemInit)
    i.TIM6_DAC_IRQHandler                    0x08003e60   Section        0  stm32f4xx_it.o(i.TIM6_DAC_IRQHandler)
    i.TIM_Base_SetConfig                     0x08003e6c   Section        0  stm32f4xx_hal_tim.o(i.TIM_Base_SetConfig)
    i.UsageFault_Handler                     0x08003f44   Section        0  stm32f4xx_it.o(i.UsageFault_Handler)
    i.__ARM_fpclassifyf                      0x08003f46   Section        0  fpclassifyf.o(i.__ARM_fpclassifyf)
    i.__NVIC_SetPriority                     0x08003f6c   Section        0  stm32f4xx_hal_cortex.o(i.__NVIC_SetPriority)
    __NVIC_SetPriority                       0x08003f6d   Thumb Code    32  stm32f4xx_hal_cortex.o(i.__NVIC_SetPriority)
    i.__hardfp_acosf                         0x08003f8c   Section        0  acosf.o(i.__hardfp_acosf)
    i.__hardfp_asinf                         0x080040a4   Section        0  asinf.o(i.__hardfp_asinf)
    i.__hardfp_atan2f                        0x080041d0   Section        0  atan2f.o(i.__hardfp_atan2f)
    i.__hardfp_cosf                          0x08004420   Section        0  cosf.o(i.__hardfp_cosf)
    i.__hardfp_sinf                          0x08004570   Section        0  sinf.o(i.__hardfp_sinf)
    i.__hardfp_sqrtf                         0x08004700   Section        0  sqrtf.o(i.__hardfp_sqrtf)
    i.__mathlib_flt_infnan                   0x0800473a   Section        0  funder.o(i.__mathlib_flt_infnan)
    i.__mathlib_flt_infnan2                  0x08004740   Section        0  funder.o(i.__mathlib_flt_infnan2)
    i.__mathlib_flt_invalid                  0x08004748   Section        0  funder.o(i.__mathlib_flt_invalid)
    i.__mathlib_flt_underflow                0x08004758   Section        0  funder.o(i.__mathlib_flt_underflow)
    i.__mathlib_rredf2                       0x08004768   Section        0  rredf.o(i.__mathlib_rredf2)
    i.__scatterload_copy                     0x080048bc   Section       14  handlers.o(i.__scatterload_copy)
    i.__scatterload_null                     0x080048ca   Section        2  handlers.o(i.__scatterload_null)
    i.__scatterload_zeroinit                 0x080048cc   Section       14  handlers.o(i.__scatterload_zeroinit)
    i.__set_errno                            0x080048dc   Section        0  errno.o(i.__set_errno)
    i.biquadFilterInit                       0x080048e8   Section        0  filter.o(i.biquadFilterInit)
    biquadFilterInit                         0x080048e9   Thumb Code   202  filter.o(i.biquadFilterInit)
    i.biquadFilterInitLPF                    0x080049c0   Section        0  filter.o(i.biquadFilterInitLPF)
    i.bmi088                                 0x080049f4   Section        0  freertos.o(i.bmi088)
    i.bmi088_accel_init                      0x08004a04   Section        0  bmi088driver.o(i.bmi088_accel_init)
    i.bmi088_gyro_init                       0x08004b2c   Section        0  bmi088driver.o(i.bmi088_gyro_init)
    i.invSqrt                                0x08004c28   Section        0  quaternionekf.o(i.invSqrt)
    invSqrt                                  0x08004c29   Thumb Code    40  quaternionekf.o(i.invSqrt)
    i.main                                   0x08004c54   Section        0  main.o(i.main)
    i.makeFreeRtosPriority                   0x08004c84   Section        0  cmsis_os.o(i.makeFreeRtosPriority)
    makeFreeRtosPriority                     0x08004c85   Thumb Code    12  cmsis_os.o(i.makeFreeRtosPriority)
    i.malloc                                 0x08004c90   Section        0  malloc.o(i.malloc)
    i.osDelay                                0x08004cfc   Section        0  cmsis_os.o(i.osDelay)
    i.osKernelStart                          0x08004d0a   Section        0  cmsis_os.o(i.osKernelStart)
    i.osThreadCreate                         0x08004d14   Section        0  cmsis_os.o(i.osThreadCreate)
    i.prvAddCurrentTaskToDelayedList         0x08004d68   Section        0  tasks.o(i.prvAddCurrentTaskToDelayedList)
    prvAddCurrentTaskToDelayedList           0x08004d69   Thumb Code   102  tasks.o(i.prvAddCurrentTaskToDelayedList)
    i.prvAddNewTaskToReadyList               0x08004dd8   Section        0  tasks.o(i.prvAddNewTaskToReadyList)
    prvAddNewTaskToReadyList                 0x08004dd9   Thumb Code   194  tasks.o(i.prvAddNewTaskToReadyList)
    i.prvDeleteTCB                           0x08004ea8   Section        0  tasks.o(i.prvDeleteTCB)
    prvDeleteTCB                             0x08004ea9   Thumb Code    52  tasks.o(i.prvDeleteTCB)
    i.prvHeapInit                            0x08004edc   Section        0  heap_4.o(i.prvHeapInit)
    prvHeapInit                              0x08004edd   Thumb Code    66  heap_4.o(i.prvHeapInit)
    i.prvIdleTask                            0x08004f28   Section        0  tasks.o(i.prvIdleTask)
    prvIdleTask                              0x08004f29   Thumb Code    82  tasks.o(i.prvIdleTask)
    i.prvInitialiseNewTask                   0x08004f88   Section        0  tasks.o(i.prvInitialiseNewTask)
    prvInitialiseNewTask                     0x08004f89   Thumb Code   152  tasks.o(i.prvInitialiseNewTask)
    i.prvInsertBlockIntoFreeList             0x08005020   Section        0  heap_4.o(i.prvInsertBlockIntoFreeList)
    prvInsertBlockIntoFreeList               0x08005021   Thumb Code    72  heap_4.o(i.prvInsertBlockIntoFreeList)
    i.prvResetNextTaskUnblockTime            0x0800506c   Section        0  tasks.o(i.prvResetNextTaskUnblockTime)
    prvResetNextTaskUnblockTime              0x0800506d   Thumb Code    26  tasks.o(i.prvResetNextTaskUnblockTime)
    i.prvTaskExitError                       0x0800508c   Section        0  port.o(i.prvTaskExitError)
    prvTaskExitError                         0x0800508d   Thumb Code    36  port.o(i.prvTaskExitError)
    i.pt1FilterInit                          0x080050b4   Section        0  filter.o(i.pt1FilterInit)
    i.pvPortMalloc                           0x080050e8   Section        0  heap_4.o(i.pvPortMalloc)
    i.pxPortInitialiseStack                  0x080051c4   Section        0  port.o(i.pxPortInitialiseStack)
    i.sqrtf                                  0x080051f0   Section        0  sqrtf.o(i.sqrtf)
    i.uxListRemove                           0x0800522e   Section        0  list.o(i.uxListRemove)
    i.vApplicationGetIdleTaskMemory          0x08005254   Section        0  freertos.o(i.vApplicationGetIdleTaskMemory)
    i.vListInitialise                        0x08005268   Section        0  list.o(i.vListInitialise)
    i.vListInitialiseItem                    0x0800527e   Section        0  list.o(i.vListInitialiseItem)
    i.vListInsert                            0x08005284   Section        0  list.o(i.vListInsert)
    i.vListInsertEnd                         0x080052b4   Section        0  list.o(i.vListInsertEnd)
    i.vPortEnterCritical                     0x080052cc   Section        0  port.o(i.vPortEnterCritical)
    i.vPortExitCritical                      0x0800530c   Section        0  port.o(i.vPortExitCritical)
    i.vPortFree                              0x08005334   Section        0  heap_4.o(i.vPortFree)
    i.vPortSetupTimerInterrupt               0x08005398   Section        0  port.o(i.vPortSetupTimerInterrupt)
    i.vTaskDelay                             0x080053bc   Section        0  tasks.o(i.vTaskDelay)
    i.vTaskStartScheduler                    0x08005408   Section        0  tasks.o(i.vTaskStartScheduler)
    i.vTaskSuspendAll                        0x08005474   Section        0  tasks.o(i.vTaskSuspendAll)
    i.vTaskSwitchContext                     0x08005484   Section        0  tasks.o(i.vTaskSwitchContext)
    i.xPortStartScheduler                    0x080054e0   Section        0  port.o(i.xPortStartScheduler)
    i.xTaskCreate                            0x080055d4   Section        0  tasks.o(i.xTaskCreate)
    i.xTaskCreateStatic                      0x0800562e   Section        0  tasks.o(i.xTaskCreateStatic)
    i.xTaskIncrementTick                     0x08005684   Section        0  tasks.o(i.xTaskIncrementTick)
    i.xTaskResumeAll                         0x08005750   Section        0  tasks.o(i.xTaskResumeAll)
    .constdata                               0x08005814   Section       28  freertos.o(.constdata)
    .constdata                               0x08005830   Section       16  system_stm32f4xx.o(.constdata)
    .constdata                               0x08005840   Section        8  system_stm32f4xx.o(.constdata)
    .constdata                               0x08005848   Section       48  ins_task.o(.constdata)
    .constdata                               0x08005878   Section      144  quaternionekf.o(.constdata)
    .constdata                               0x08005908   Section       32  rredf.o(.constdata)
    twooverpi                                0x08005908   Data          32  rredf.o(.constdata)
    .conststring                             0x08005928   Section        7  freertos.o(.conststring)
    .data                                    0x20000000   Section        4  freertos.o(.data)
    .data                                    0x20000004   Section       12  stm32f4xx_hal.o(.data)
    .data                                    0x20000010   Section        4  system_stm32f4xx.o(.data)
    .data                                    0x20000014   Section       60  tasks.o(.data)
    uxDeletedTasksWaitingCleanUp             0x20000018   Data           4  tasks.o(.data)
    uxCurrentNumberOfTasks                   0x2000001c   Data           4  tasks.o(.data)
    xTickCount                               0x20000020   Data           4  tasks.o(.data)
    uxTopReadyPriority                       0x20000024   Data           4  tasks.o(.data)
    xSchedulerRunning                        0x20000028   Data           4  tasks.o(.data)
    xPendedTicks                             0x2000002c   Data           4  tasks.o(.data)
    xYieldPending                            0x20000030   Data           4  tasks.o(.data)
    xNumOfOverflows                          0x20000034   Data           4  tasks.o(.data)
    uxTaskNumber                             0x20000038   Data           4  tasks.o(.data)
    xNextTaskUnblockTime                     0x2000003c   Data           4  tasks.o(.data)
    xIdleTaskHandle                          0x20000040   Data           4  tasks.o(.data)
    uxSchedulerSuspended                     0x20000044   Data           4  tasks.o(.data)
    pxDelayedTaskList                        0x20000048   Data           4  tasks.o(.data)
    pxOverflowDelayedTaskList                0x2000004c   Data           4  tasks.o(.data)
    .data                                    0x20000050   Section       32  heap_4.o(.data)
    pxEnd                                    0x20000050   Data           4  heap_4.o(.data)
    xFreeBytesRemaining                      0x20000054   Data           4  heap_4.o(.data)
    xMinimumEverFreeBytesRemaining           0x20000058   Data           4  heap_4.o(.data)
    xNumberOfSuccessfulAllocations           0x2000005c   Data           4  heap_4.o(.data)
    xNumberOfSuccessfulFrees                 0x20000060   Data           4  heap_4.o(.data)
    xBlockAllocatedBit                       0x20000064   Data           4  heap_4.o(.data)
    xStart                                   0x20000068   Data           8  heap_4.o(.data)
    .data                                    0x20000070   Section       12  port.o(.data)
    ucMaxSysCallPriority                     0x20000070   Data           1  port.o(.data)
    uxCriticalNesting                        0x20000074   Data           4  port.o(.data)
    ulMaxPRIGROUPValue                       0x20000078   Data           4  port.o(.data)
    .data                                    0x2000007c   Section       72  bmi088driver.o(.data)
    res                                      0x2000007c   Data           1  bmi088driver.o(.data)
    write_reg_num                            0x2000007d   Data           1  bmi088driver.o(.data)
    error                                    0x2000007e   Data           1  bmi088driver.o(.data)
    CaliTimes                                0x20000082   Data           2  bmi088driver.o(.data)
    bmi088_raw_temp                          0x20000084   Data           2  bmi088driver.o(.data)
    startTime                                0x20000090   Data           4  bmi088driver.o(.data)
    buf                                      0x20000098   Data           8  bmi088driver.o(.data)
    write_BMI088_accel_reg_data_error        0x200000a0   Data          18  bmi088driver.o(.data)
    write_BMI088_gyro_reg_data_error         0x200000b2   Data          18  bmi088driver.o(.data)
    .data                                    0x200000c4   Section        4  bmi088middleware.o(.data)
    .data                                    0x200000c8   Section       64  bsp_dwt.o(.data)
    CPU_FREQ_Hz                              0x200000c8   Data           4  bsp_dwt.o(.data)
    CPU_FREQ_Hz_ms                           0x200000cc   Data           4  bsp_dwt.o(.data)
    CPU_FREQ_Hz_us                           0x200000d0   Data           4  bsp_dwt.o(.data)
    CYCCNT_RountCount                        0x200000d4   Data           4  bsp_dwt.o(.data)
    CYCCNT_LAST                              0x200000d8   Data           4  bsp_dwt.o(.data)
    CNT_TEMP1                                0x200000e0   Data           8  bsp_dwt.o(.data)
    CNT_TEMP2                                0x200000e8   Data           8  bsp_dwt.o(.data)
    CNT_TEMP3                                0x200000f0   Data           8  bsp_dwt.o(.data)
    .data                                    0x20000108   Section       12  ins_task.o(.data)
    dt                                       0x2000010c   Data           4  ins_task.o(.data)
    t                                        0x20000110   Data           4  ins_task.o(.data)
    .data                                    0x20000114   Section        4  kalman_filter.o(.data)
    .data                                    0x20000118   Section      212  quaternionekf.o(.data)
    halfgxdt                                 0x20000118   Data           4  quaternionekf.o(.data)
    halfgydt                                 0x2000011c   Data           4  quaternionekf.o(.data)
    halfgzdt                                 0x20000120   Data           4  quaternionekf.o(.data)
    accelInvNorm                             0x20000124   Data           4  quaternionekf.o(.data)
    q0                                       0x20000128   Data           4  quaternionekf.o(.data)
    q1                                       0x2000012c   Data           4  quaternionekf.o(.data)
    q2                                       0x20000130   Data           4  quaternionekf.o(.data)
    q3                                       0x20000134   Data           4  quaternionekf.o(.data)
    qInvNorm                                 0x20000138   Data           4  quaternionekf.o(.data)
    doubleq0                                 0x2000013c   Data           4  quaternionekf.o(.data)
    doubleq1                                 0x20000140   Data           4  quaternionekf.o(.data)
    doubleq2                                 0x20000144   Data           4  quaternionekf.o(.data)
    doubleq3                                 0x20000148   Data           4  quaternionekf.o(.data)
    q0                                       0x2000014c   Data           4  quaternionekf.o(.data)
    q1                                       0x20000150   Data           4  quaternionekf.o(.data)
    q2                                       0x20000154   Data           4  quaternionekf.o(.data)
    q3                                       0x20000158   Data           4  quaternionekf.o(.data)
    .data                                    0x200001ec   Section        4  mvars.o(.data)
    .data                                    0x200001f0   Section        4  mvars.o(.data)
    .data                                    0x200001f4   Section        4  errno.o(.data)
    _errno                                   0x200001f4   Data           4  errno.o(.data)
    .bss                                     0x200001f8   Section      596  freertos.o(.bss)
    xIdleTaskTCBBuffer                       0x200001f8   Data          84  freertos.o(.bss)
    xIdleStack                               0x2000024c   Data         512  freertos.o(.bss)
    .bss                                     0x2000044c   Section       88  spi.o(.bss)
    .bss                                     0x200004a4   Section       72  stm32f4xx_hal_timebase_tim.o(.bss)
    .bss                                     0x200004ec   Section      240  tasks.o(.bss)
    pxReadyTasksLists                        0x200004ec   Data         140  tasks.o(.bss)
    xDelayedTaskList1                        0x20000578   Data          20  tasks.o(.bss)
    xDelayedTaskList2                        0x2000058c   Data          20  tasks.o(.bss)
    xPendingReadyList                        0x200005a0   Data          20  tasks.o(.bss)
    xTasksWaitingTermination                 0x200005b4   Data          20  tasks.o(.bss)
    xSuspendedTaskList                       0x200005c8   Data          20  tasks.o(.bss)
    .bss                                     0x200005dc   Section    15360  heap_4.o(.bss)
    ucHeap                                   0x200005dc   Data       15360  heap_4.o(.bss)
    .bss                                     0x200041dc   Section      184  bmi088driver.o(.bss)
    gyroFilter                               0x200041e8   Data          36  bmi088driver.o(.bss)
    accFilter                                0x2000420c   Data          84  bmi088driver.o(.bss)
    .bss                                     0x20004294   Section      156  ins_task.o(.bss)
    .bss                                     0x20004330   Section      624  quaternionekf.o(.bss)
    HEAP                                     0x200045a0   Section     8192  startup_stm32f407xx.o(HEAP)
    STACK                                    0x200065a0   Section     8192  startup_stm32f407xx.o(STACK)

    Global Symbols

    Symbol Name                              Value     Ov Type        Size  Object(Section)

    BuildAttributes$$THM_ISAv4$E$P$D$K$B$S$7EM$VFPi3$EXTD16$VFPS$VFMA$PE$A:L22UL41UL21$X:L11$S22US41US21$IEEE1$IW$USESV6$~STKCKD$USESV7$~SHL$OTIME$ROPI$IEEEX$EBA8$MICROLIB$REQ8$PRES8$EABIv2 0x00000000   Number         0  anon$$obj.o ABSOLUTE
    __ARM_use_no_argv                        0x00000000   Number         0  main.o ABSOLUTE
    __cpp_initialize__aeabi_                  - Undefined Weak Reference
    __cxa_finalize                            - Undefined Weak Reference
    _clock_init                               - Undefined Weak Reference
    _microlib_exit                            - Undefined Weak Reference
    __Vectors_Size                           0x00000188   Number         0  startup_stm32f407xx.o ABSOLUTE
    __Vectors                                0x08000000   Data           4  startup_stm32f407xx.o(RESET)
    __Vectors_End                            0x08000188   Data           0  startup_stm32f407xx.o(RESET)
    __main                                   0x08000189   Thumb Code     0  entry.o(.ARM.Collect$$$$00000000)
    _main_stk                                0x08000189   Thumb Code     0  entry2.o(.ARM.Collect$$$$00000001)
    _main_scatterload                        0x0800018d   Thumb Code     0  entry5.o(.ARM.Collect$$$$00000004)
    __main_after_scatterload                 0x08000191   Thumb Code     0  entry5.o(.ARM.Collect$$$$00000004)
    _main_clock                              0x08000191   Thumb Code     0  entry7b.o(.ARM.Collect$$$$00000008)
    _main_cpp_init                           0x08000191   Thumb Code     0  entry8b.o(.ARM.Collect$$$$0000000A)
    _main_init                               0x08000191   Thumb Code     0  entry9a.o(.ARM.Collect$$$$0000000B)
    __rt_final_cpp                           0x08000199   Thumb Code     0  entry10a.o(.ARM.Collect$$$$0000000D)
    __rt_final_exit                          0x08000199   Thumb Code     0  entry11a.o(.ARM.Collect$$$$0000000F)
    SVC_Handler                              0x0800019d   Thumb Code    28  port.o(.emb_text)
    __asm___6_port_c_39a90d8d__prvStartFirstTask 0x080001bd   Thumb Code    36  port.o(.emb_text)
    __asm___6_port_c_39a90d8d__prvEnableVFP  0x080001e5   Thumb Code    16  port.o(.emb_text)
    PendSV_Handler                           0x080001f9   Thumb Code    88  port.o(.emb_text)
    vPortGetIPSR                             0x08000255   Thumb Code     6  port.o(.emb_text)
    Reset_Handler                            0x0800025d   Thumb Code     8  startup_stm32f407xx.o(.text)
    ADC_IRQHandler                           0x08000277   Thumb Code     0  startup_stm32f407xx.o(.text)
    CAN1_RX0_IRQHandler                      0x08000277   Thumb Code     0  startup_stm32f407xx.o(.text)
    CAN1_RX1_IRQHandler                      0x08000277   Thumb Code     0  startup_stm32f407xx.o(.text)
    CAN1_SCE_IRQHandler                      0x08000277   Thumb Code     0  startup_stm32f407xx.o(.text)
    CAN1_TX_IRQHandler                       0x08000277   Thumb Code     0  startup_stm32f407xx.o(.text)
    CAN2_RX0_IRQHandler                      0x08000277   Thumb Code     0  startup_stm32f407xx.o(.text)
    CAN2_RX1_IRQHandler                      0x08000277   Thumb Code     0  startup_stm32f407xx.o(.text)
    CAN2_SCE_IRQHandler                      0x08000277   Thumb Code     0  startup_stm32f407xx.o(.text)
    CAN2_TX_IRQHandler                       0x08000277   Thumb Code     0  startup_stm32f407xx.o(.text)
    DCMI_IRQHandler                          0x08000277   Thumb Code     0  startup_stm32f407xx.o(.text)
    DMA1_Stream0_IRQHandler                  0x08000277   Thumb Code     0  startup_stm32f407xx.o(.text)
    DMA1_Stream1_IRQHandler                  0x08000277   Thumb Code     0  startup_stm32f407xx.o(.text)
    DMA1_Stream2_IRQHandler                  0x08000277   Thumb Code     0  startup_stm32f407xx.o(.text)
    DMA1_Stream3_IRQHandler                  0x08000277   Thumb Code     0  startup_stm32f407xx.o(.text)
    DMA1_Stream4_IRQHandler                  0x08000277   Thumb Code     0  startup_stm32f407xx.o(.text)
    DMA1_Stream5_IRQHandler                  0x08000277   Thumb Code     0  startup_stm32f407xx.o(.text)
    DMA1_Stream6_IRQHandler                  0x08000277   Thumb Code     0  startup_stm32f407xx.o(.text)
    DMA1_Stream7_IRQHandler                  0x08000277   Thumb Code     0  startup_stm32f407xx.o(.text)
    DMA2_Stream0_IRQHandler                  0x08000277   Thumb Code     0  startup_stm32f407xx.o(.text)
    DMA2_Stream1_IRQHandler                  0x08000277   Thumb Code     0  startup_stm32f407xx.o(.text)
    DMA2_Stream2_IRQHandler                  0x08000277   Thumb Code     0  startup_stm32f407xx.o(.text)
    DMA2_Stream3_IRQHandler                  0x08000277   Thumb Code     0  startup_stm32f407xx.o(.text)
    DMA2_Stream4_IRQHandler                  0x08000277   Thumb Code     0  startup_stm32f407xx.o(.text)
    DMA2_Stream5_IRQHandler                  0x08000277   Thumb Code     0  startup_stm32f407xx.o(.text)
    DMA2_Stream6_IRQHandler                  0x08000277   Thumb Code     0  startup_stm32f407xx.o(.text)
    DMA2_Stream7_IRQHandler                  0x08000277   Thumb Code     0  startup_stm32f407xx.o(.text)
    ETH_IRQHandler                           0x08000277   Thumb Code     0  startup_stm32f407xx.o(.text)
    ETH_WKUP_IRQHandler                      0x08000277   Thumb Code     0  startup_stm32f407xx.o(.text)
    EXTI0_IRQHandler                         0x08000277   Thumb Code     0  startup_stm32f407xx.o(.text)
    EXTI15_10_IRQHandler                     0x08000277   Thumb Code     0  startup_stm32f407xx.o(.text)
    EXTI1_IRQHandler                         0x08000277   Thumb Code     0  startup_stm32f407xx.o(.text)
    EXTI2_IRQHandler                         0x08000277   Thumb Code     0  startup_stm32f407xx.o(.text)
    EXTI3_IRQHandler                         0x08000277   Thumb Code     0  startup_stm32f407xx.o(.text)
    EXTI4_IRQHandler                         0x08000277   Thumb Code     0  startup_stm32f407xx.o(.text)
    EXTI9_5_IRQHandler                       0x08000277   Thumb Code     0  startup_stm32f407xx.o(.text)
    FLASH_IRQHandler                         0x08000277   Thumb Code     0  startup_stm32f407xx.o(.text)
    FMC_IRQHandler                           0x08000277   Thumb Code     0  startup_stm32f407xx.o(.text)
    FPU_IRQHandler                           0x08000277   Thumb Code     0  startup_stm32f407xx.o(.text)
    HASH_RNG_IRQHandler                      0x08000277   Thumb Code     0  startup_stm32f407xx.o(.text)
    I2C1_ER_IRQHandler                       0x08000277   Thumb Code     0  startup_stm32f407xx.o(.text)
    I2C1_EV_IRQHandler                       0x08000277   Thumb Code     0  startup_stm32f407xx.o(.text)
    I2C2_ER_IRQHandler                       0x08000277   Thumb Code     0  startup_stm32f407xx.o(.text)
    I2C2_EV_IRQHandler                       0x08000277   Thumb Code     0  startup_stm32f407xx.o(.text)
    I2C3_ER_IRQHandler                       0x08000277   Thumb Code     0  startup_stm32f407xx.o(.text)
    I2C3_EV_IRQHandler                       0x08000277   Thumb Code     0  startup_stm32f407xx.o(.text)
    OTG_FS_IRQHandler                        0x08000277   Thumb Code     0  startup_stm32f407xx.o(.text)
    OTG_FS_WKUP_IRQHandler                   0x08000277   Thumb Code     0  startup_stm32f407xx.o(.text)
    OTG_HS_EP1_IN_IRQHandler                 0x08000277   Thumb Code     0  startup_stm32f407xx.o(.text)
    OTG_HS_EP1_OUT_IRQHandler                0x08000277   Thumb Code     0  startup_stm32f407xx.o(.text)
    OTG_HS_IRQHandler                        0x08000277   Thumb Code     0  startup_stm32f407xx.o(.text)
    OTG_HS_WKUP_IRQHandler                   0x08000277   Thumb Code     0  startup_stm32f407xx.o(.text)
    PVD_IRQHandler                           0x08000277   Thumb Code     0  startup_stm32f407xx.o(.text)
    RCC_IRQHandler                           0x08000277   Thumb Code     0  startup_stm32f407xx.o(.text)
    RTC_Alarm_IRQHandler                     0x08000277   Thumb Code     0  startup_stm32f407xx.o(.text)
    RTC_WKUP_IRQHandler                      0x08000277   Thumb Code     0  startup_stm32f407xx.o(.text)
    SDIO_IRQHandler                          0x08000277   Thumb Code     0  startup_stm32f407xx.o(.text)
    SPI1_IRQHandler                          0x08000277   Thumb Code     0  startup_stm32f407xx.o(.text)
    SPI2_IRQHandler                          0x08000277   Thumb Code     0  startup_stm32f407xx.o(.text)
    SPI3_IRQHandler                          0x08000277   Thumb Code     0  startup_stm32f407xx.o(.text)
    TAMP_STAMP_IRQHandler                    0x08000277   Thumb Code     0  startup_stm32f407xx.o(.text)
    TIM1_BRK_TIM9_IRQHandler                 0x08000277   Thumb Code     0  startup_stm32f407xx.o(.text)
    TIM1_CC_IRQHandler                       0x08000277   Thumb Code     0  startup_stm32f407xx.o(.text)
    TIM1_TRG_COM_TIM11_IRQHandler            0x08000277   Thumb Code     0  startup_stm32f407xx.o(.text)
    TIM1_UP_TIM10_IRQHandler                 0x08000277   Thumb Code     0  startup_stm32f407xx.o(.text)
    TIM2_IRQHandler                          0x08000277   Thumb Code     0  startup_stm32f407xx.o(.text)
    TIM3_IRQHandler                          0x08000277   Thumb Code     0  startup_stm32f407xx.o(.text)
    TIM4_IRQHandler                          0x08000277   Thumb Code     0  startup_stm32f407xx.o(.text)
    TIM5_IRQHandler                          0x08000277   Thumb Code     0  startup_stm32f407xx.o(.text)
    TIM7_IRQHandler                          0x08000277   Thumb Code     0  startup_stm32f407xx.o(.text)
    TIM8_BRK_TIM12_IRQHandler                0x08000277   Thumb Code     0  startup_stm32f407xx.o(.text)
    TIM8_CC_IRQHandler                       0x08000277   Thumb Code     0  startup_stm32f407xx.o(.text)
    TIM8_TRG_COM_TIM14_IRQHandler            0x08000277   Thumb Code     0  startup_stm32f407xx.o(.text)
    TIM8_UP_TIM13_IRQHandler                 0x08000277   Thumb Code     0  startup_stm32f407xx.o(.text)
    UART4_IRQHandler                         0x08000277   Thumb Code     0  startup_stm32f407xx.o(.text)
    UART5_IRQHandler                         0x08000277   Thumb Code     0  startup_stm32f407xx.o(.text)
    USART1_IRQHandler                        0x08000277   Thumb Code     0  startup_stm32f407xx.o(.text)
    USART2_IRQHandler                        0x08000277   Thumb Code     0  startup_stm32f407xx.o(.text)
    USART3_IRQHandler                        0x08000277   Thumb Code     0  startup_stm32f407xx.o(.text)
    USART6_IRQHandler                        0x08000277   Thumb Code     0  startup_stm32f407xx.o(.text)
    WWDG_IRQHandler                          0x08000277   Thumb Code     0  startup_stm32f407xx.o(.text)
    __aeabi_uldivmod                         0x08000281   Thumb Code    98  uldiv.o(.text)
    __aeabi_memcpy                           0x080002e3   Thumb Code    36  memcpya.o(.text)
    __aeabi_memcpy4                          0x080002e3   Thumb Code     0  memcpya.o(.text)
    __aeabi_memcpy8                          0x080002e3   Thumb Code     0  memcpya.o(.text)
    __aeabi_memset                           0x08000307   Thumb Code    14  memseta.o(.text)
    __aeabi_memset4                          0x08000307   Thumb Code     0  memseta.o(.text)
    __aeabi_memset8                          0x08000307   Thumb Code     0  memseta.o(.text)
    __aeabi_memclr                           0x08000315   Thumb Code     4  memseta.o(.text)
    __aeabi_memclr4                          0x08000315   Thumb Code     0  memseta.o(.text)
    __aeabi_memclr8                          0x08000315   Thumb Code     0  memseta.o(.text)
    memset                                   0x08000319   Thumb Code    18  memseta.o(.text)
    __aeabi_fadd                             0x0800032b   Thumb Code   164  fadd.o(.text)
    __aeabi_fsub                             0x080003cf   Thumb Code     6  fadd.o(.text)
    __aeabi_frsub                            0x080003d5   Thumb Code     6  fadd.o(.text)
    __aeabi_fmul                             0x080003db   Thumb Code   100  fmul.o(.text)
    __aeabi_fdiv                             0x0800043f   Thumb Code   124  fdiv.o(.text)
    __aeabi_fcmple                           0x080004bb   Thumb Code    28  fcmple.o(.text)
    __aeabi_fcmplt                           0x080004d7   Thumb Code    28  fcmplt.o(.text)
    __aeabi_fcmpgt                           0x080004f3   Thumb Code    28  fcmpgt.o(.text)
    __aeabi_fcmpeq                           0x0800050f   Thumb Code    28  fcmpeq.o(.text)
    __aeabi_llsl                             0x0800052b   Thumb Code    30  llshl.o(.text)
    _ll_shift_l                              0x0800052b   Thumb Code     0  llshl.o(.text)
    __aeabi_llsr                             0x08000549   Thumb Code    32  llushr.o(.text)
    _ll_ushift_r                             0x08000549   Thumb Code     0  llushr.o(.text)
    __I$use$fp                               0x08000569   Thumb Code     0  iusefp.o(.text)
    _float_round                             0x08000569   Thumb Code    18  fepilogue.o(.text)
    _float_epilogue                          0x0800057b   Thumb Code    92  fepilogue.o(.text)
    __scatterload                            0x080005d9   Thumb Code    28  init.o(.text)
    __scatterload_rt2                        0x080005d9   Thumb Code     0  init.o(.text)
    __decompress                             0x080005fd   Thumb Code     0  __dczerorl2.o(.text)
    __decompress1                            0x080005fd   Thumb Code    86  __dczerorl2.o(.text)
    arm_mat_add_f32                          0x08000655   Thumb Code   148  arm_mat_add_f32.o(.text.arm_mat_add_f32)
    arm_mat_init_f32                         0x080006e9   Thumb Code     8  arm_mat_init_f32.o(.text.arm_mat_init_f32)
    arm_mat_inverse_f32                      0x080006f1   Thumb Code   732  arm_mat_inverse_f32.o(.text.arm_mat_inverse_f32)
    arm_mat_mult_f32                         0x080009cd   Thumb Code   376  arm_mat_mult_f32.o(.text.arm_mat_mult_f32)
    arm_mat_sub_f32                          0x08000b45   Thumb Code   148  arm_mat_sub_f32.o(.text.arm_mat_sub_f32)
    arm_mat_trans_f32                        0x08000bd9   Thumb Code   178  arm_mat_trans_f32.o(.text.arm_mat_trans_f32)
    BMI088_ACCEL_NS_H                        0x08000c8d   Thumb Code    10  bmi088middleware.o(i.BMI088_ACCEL_NS_H)
    BMI088_ACCEL_NS_L                        0x08000c9d   Thumb Code    12  bmi088middleware.o(i.BMI088_ACCEL_NS_L)
    BMI088_GYRO_NS_H                         0x08000cad   Thumb Code    10  bmi088middleware.o(i.BMI088_GYRO_NS_H)
    BMI088_GYRO_NS_L                         0x08000cbd   Thumb Code    12  bmi088middleware.o(i.BMI088_GYRO_NS_L)
    BMI088_Read                              0x08000ccd   Thumb Code   422  bmi088driver.o(i.BMI088_Read)
    BMI088_init                              0x08000e79   Thumb Code   178  bmi088driver.o(i.BMI088_init)
    BMI088_read_write_byte                   0x08000f95   Thumb Code    30  bmi088middleware.o(i.BMI088_read_write_byte)
    BodyFrameToEarthFrame                    0x08000fcb   Thumb Code   234  ins_task.o(i.BodyFrameToEarthFrame)
    BusFault_Handler                         0x080010b5   Thumb Code     2  stm32f4xx_it.o(i.BusFault_Handler)
    DWT_Delay                                0x080014f1   Thumb Code    42  bsp_dwt.o(i.DWT_Delay)
    DWT_GetDeltaT                            0x08001525   Thumb Code    60  bsp_dwt.o(i.DWT_GetDeltaT)
    DWT_GetTimeline_s                        0x08001569   Thumb Code    54  bsp_dwt.o(i.DWT_GetTimeline_s)
    DWT_Init                                 0x080015ad   Thumb Code    54  bsp_dwt.o(i.DWT_Init)
    DWT_SysTimeUpdate                        0x080015f5   Thumb Code   140  bsp_dwt.o(i.DWT_SysTimeUpdate)
    DebugMon_Handler                         0x08001689   Thumb Code     2  stm32f4xx_it.o(i.DebugMon_Handler)
    EarthFrameToBodyFrame                    0x0800168b   Thumb Code   234  ins_task.o(i.EarthFrameToBodyFrame)
    Error_Handler                            0x08001775   Thumb Code     4  main.o(i.Error_Handler)
    HAL_Delay                                0x08001779   Thumb Code    32  stm32f4xx_hal.o(i.HAL_Delay)
    HAL_GPIO_Init                            0x0800179d   Thumb Code   450  stm32f4xx_hal_gpio.o(i.HAL_GPIO_Init)
    HAL_GPIO_WritePin                        0x0800198d   Thumb Code    10  stm32f4xx_hal_gpio.o(i.HAL_GPIO_WritePin)
    HAL_GetTick                              0x08001999   Thumb Code     6  stm32f4xx_hal.o(i.HAL_GetTick)
    HAL_IncTick                              0x080019a5   Thumb Code    12  stm32f4xx_hal.o(i.HAL_IncTick)
    HAL_Init                                 0x080019b5   Thumb Code    48  stm32f4xx_hal.o(i.HAL_Init)
    HAL_InitTick                             0x080019e9   Thumb Code   132  stm32f4xx_hal_timebase_tim.o(i.HAL_InitTick)
    HAL_MspInit                              0x08001a81   Thumb Code    52  stm32f4xx_hal_msp.o(i.HAL_MspInit)
    HAL_NVIC_EnableIRQ                       0x08001ab9   Thumb Code    26  stm32f4xx_hal_cortex.o(i.HAL_NVIC_EnableIRQ)
    HAL_NVIC_SetPriority                     0x08001ad5   Thumb Code    60  stm32f4xx_hal_cortex.o(i.HAL_NVIC_SetPriority)
    HAL_NVIC_SetPriorityGrouping             0x08001b15   Thumb Code    26  stm32f4xx_hal_cortex.o(i.HAL_NVIC_SetPriorityGrouping)
    HAL_RCC_ClockConfig                      0x08001b39   Thumb Code   288  stm32f4xx_hal_rcc.o(i.HAL_RCC_ClockConfig)
    HAL_RCC_GetClockConfig                   0x08001c6d   Thumb Code    54  stm32f4xx_hal_rcc.o(i.HAL_RCC_GetClockConfig)
    HAL_RCC_GetPCLK1Freq                     0x08001cad   Thumb Code    20  stm32f4xx_hal_rcc.o(i.HAL_RCC_GetPCLK1Freq)
    HAL_RCC_GetSysClockFreq                  0x08001ccd   Thumb Code    88  stm32f4xx_hal_rcc.o(i.HAL_RCC_GetSysClockFreq)
    HAL_RCC_OscConfig                        0x08001d31   Thumb Code   856  stm32f4xx_hal_rcc.o(i.HAL_RCC_OscConfig)
    HAL_SPI_Init                             0x0800209d   Thumb Code   188  stm32f4xx_hal_spi.o(i.HAL_SPI_Init)
    HAL_SPI_MspInit                          0x08002159   Thumb Code    92  spi.o(i.HAL_SPI_MspInit)
    HAL_SPI_TransmitReceive                  0x080021c1   Thumb Code   494  stm32f4xx_hal_spi.o(i.HAL_SPI_TransmitReceive)
    HAL_TIMEx_BreakCallback                  0x080023af   Thumb Code     2  stm32f4xx_hal_tim_ex.o(i.HAL_TIMEx_BreakCallback)
    HAL_TIMEx_CommutCallback                 0x080023b1   Thumb Code     2  stm32f4xx_hal_tim_ex.o(i.HAL_TIMEx_CommutCallback)
    HAL_TIM_Base_Init                        0x080023b3   Thumb Code    90  stm32f4xx_hal_tim.o(i.HAL_TIM_Base_Init)
    HAL_TIM_Base_MspInit                     0x0800240d   Thumb Code     2  stm32f4xx_hal_tim.o(i.HAL_TIM_Base_MspInit)
    HAL_TIM_Base_Start_IT                    0x08002411   Thumb Code   100  stm32f4xx_hal_tim.o(i.HAL_TIM_Base_Start_IT)
    HAL_TIM_IC_CaptureCallback               0x08002491   Thumb Code     2  stm32f4xx_hal_tim.o(i.HAL_TIM_IC_CaptureCallback)
    HAL_TIM_IRQHandler                       0x08002493   Thumb Code   304  stm32f4xx_hal_tim.o(i.HAL_TIM_IRQHandler)
    HAL_TIM_OC_DelayElapsedCallback          0x080025c3   Thumb Code     2  stm32f4xx_hal_tim.o(i.HAL_TIM_OC_DelayElapsedCallback)
    HAL_TIM_PWM_PulseFinishedCallback        0x080025c5   Thumb Code     2  stm32f4xx_hal_tim.o(i.HAL_TIM_PWM_PulseFinishedCallback)
    HAL_TIM_PeriodElapsedCallback            0x080025c9   Thumb Code    14  main.o(i.HAL_TIM_PeriodElapsedCallback)
    HAL_TIM_TriggerCallback                  0x080025dd   Thumb Code     2  stm32f4xx_hal_tim.o(i.HAL_TIM_TriggerCallback)
    HardFault_Handler                        0x080026dd   Thumb Code     2  stm32f4xx_it.o(i.HardFault_Handler)
    IMU_QuaternionEKF_Init                   0x08002839   Thumb Code   178  quaternionekf.o(i.IMU_QuaternionEKF_Init)
    IMU_QuaternionEKF_Update                 0x08002a0d   Thumb Code   992  quaternionekf.o(i.IMU_QuaternionEKF_Update)
    INS_Init                                 0x080031d9   Thumb Code    74  ins_task.o(i.INS_Init)
    INS_Task                                 0x08003239   Thumb Code   356  ins_task.o(i.INS_Task)
    Kalman_Filter_Init                       0x080033c1   Thumb Code   994  kalman_filter.o(i.Kalman_Filter_Init)
    Kalman_Filter_Measure                    0x080037a9   Thumb Code    66  kalman_filter.o(i.Kalman_Filter_Measure)
    Kalman_Filter_P_Update                   0x080037f1   Thumb Code   106  kalman_filter.o(i.Kalman_Filter_P_Update)
    Kalman_Filter_PminusUpdate               0x0800385b   Thumb Code   108  kalman_filter.o(i.Kalman_Filter_PminusUpdate)
    Kalman_Filter_SetK                       0x080038c7   Thumb Code   204  kalman_filter.o(i.Kalman_Filter_SetK)
    Kalman_Filter_Update                     0x08003995   Thumb Code   228  kalman_filter.o(i.Kalman_Filter_Update)
    Kalman_Filter_xhatMinusUpdate            0x08003a7d   Thumb Code   116  kalman_filter.o(i.Kalman_Filter_xhatMinusUpdate)
    Kalman_Filter_xhatUpdate                 0x08003af1   Thumb Code   132  kalman_filter.o(i.Kalman_Filter_xhatUpdate)
    MX_FREERTOS_Init                         0x08003b75   Thumb Code    30  freertos.o(i.MX_FREERTOS_Init)
    MX_GPIO_Init                             0x08003b9d   Thumb Code   118  gpio.o(i.MX_GPIO_Init)
    MX_SPI1_Init                             0x08003c1d   Thumb Code    64  spi.o(i.MX_SPI1_Init)
    MemManage_Handler                        0x08003c65   Thumb Code     2  stm32f4xx_it.o(i.MemManage_Handler)
    NMI_Handler                              0x08003c67   Thumb Code     2  stm32f4xx_it.o(i.NMI_Handler)
    SysTick_Handler                          0x08003d8d   Thumb Code    38  port.o(i.SysTick_Handler)
    SystemClock_Config                       0x08003db9   Thumb Code   142  main.o(i.SystemClock_Config)
    SystemInit                               0x08003e51   Thumb Code    12  system_stm32f4xx.o(i.SystemInit)
    TIM6_DAC_IRQHandler                      0x08003e61   Thumb Code     6  stm32f4xx_it.o(i.TIM6_DAC_IRQHandler)
    TIM_Base_SetConfig                       0x08003e6d   Thumb Code   170  stm32f4xx_hal_tim.o(i.TIM_Base_SetConfig)
    UsageFault_Handler                       0x08003f45   Thumb Code     2  stm32f4xx_it.o(i.UsageFault_Handler)
    __ARM_fpclassifyf                        0x08003f47   Thumb Code    38  fpclassifyf.o(i.__ARM_fpclassifyf)
    __hardfp_acosf                           0x08003f8d   Thumb Code   234  acosf.o(i.__hardfp_acosf)
    __hardfp_asinf                           0x080040a5   Thumb Code   258  asinf.o(i.__hardfp_asinf)
    __hardfp_atan2f                          0x080041d1   Thumb Code   502  atan2f.o(i.__hardfp_atan2f)
    __hardfp_cosf                            0x08004421   Thumb Code   280  cosf.o(i.__hardfp_cosf)
    __hardfp_sinf                            0x08004571   Thumb Code   344  sinf.o(i.__hardfp_sinf)
    __hardfp_sqrtf                           0x08004701   Thumb Code    58  sqrtf.o(i.__hardfp_sqrtf)
    __mathlib_flt_infnan                     0x0800473b   Thumb Code     6  funder.o(i.__mathlib_flt_infnan)
    __mathlib_flt_infnan2                    0x08004741   Thumb Code     6  funder.o(i.__mathlib_flt_infnan2)
    __mathlib_flt_invalid                    0x08004749   Thumb Code    10  funder.o(i.__mathlib_flt_invalid)
    __mathlib_flt_underflow                  0x08004759   Thumb Code    10  funder.o(i.__mathlib_flt_underflow)
    __mathlib_rredf2                         0x08004769   Thumb Code   316  rredf.o(i.__mathlib_rredf2)
    __scatterload_copy                       0x080048bd   Thumb Code    14  handlers.o(i.__scatterload_copy)
    __scatterload_null                       0x080048cb   Thumb Code     2  handlers.o(i.__scatterload_null)
    __scatterload_zeroinit                   0x080048cd   Thumb Code    14  handlers.o(i.__scatterload_zeroinit)
    __set_errno                              0x080048dd   Thumb Code     6  errno.o(i.__set_errno)
    biquadFilterInitLPF                      0x080049c1   Thumb Code    52  filter.o(i.biquadFilterInitLPF)
    bmi088                                   0x080049f5   Thumb Code    16  freertos.o(i.bmi088)
    bmi088_accel_init                        0x08004a05   Thumb Code   292  bmi088driver.o(i.bmi088_accel_init)
    bmi088_gyro_init                         0x08004b2d   Thumb Code   246  bmi088driver.o(i.bmi088_gyro_init)
    main                                     0x08004c55   Thumb Code    44  main.o(i.main)
    malloc                                   0x08004c91   Thumb Code    92  malloc.o(i.malloc)
    osDelay                                  0x08004cfd   Thumb Code    14  cmsis_os.o(i.osDelay)
    osKernelStart                            0x08004d0b   Thumb Code    10  cmsis_os.o(i.osKernelStart)
    osThreadCreate                           0x08004d15   Thumb Code    84  cmsis_os.o(i.osThreadCreate)
    pt1FilterInit                            0x080050b5   Thumb Code    42  filter.o(i.pt1FilterInit)
    pvPortMalloc                             0x080050e9   Thumb Code   216  heap_4.o(i.pvPortMalloc)
    pxPortInitialiseStack                    0x080051c5   Thumb Code    40  port.o(i.pxPortInitialiseStack)
    sqrtf                                    0x080051f1   Thumb Code    62  sqrtf.o(i.sqrtf)
    uxListRemove                             0x0800522f   Thumb Code    38  list.o(i.uxListRemove)
    vApplicationGetIdleTaskMemory            0x08005255   Thumb Code    16  freertos.o(i.vApplicationGetIdleTaskMemory)
    vListInitialise                          0x08005269   Thumb Code    22  list.o(i.vListInitialise)
    vListInitialiseItem                      0x0800527f   Thumb Code     6  list.o(i.vListInitialiseItem)
    vListInsert                              0x08005285   Thumb Code    48  list.o(i.vListInsert)
    vListInsertEnd                           0x080052b5   Thumb Code    24  list.o(i.vListInsertEnd)
    vPortEnterCritical                       0x080052cd   Thumb Code    54  port.o(i.vPortEnterCritical)
    vPortExitCritical                        0x0800530d   Thumb Code    34  port.o(i.vPortExitCritical)
    vPortFree                                0x08005335   Thumb Code    94  heap_4.o(i.vPortFree)
    vPortSetupTimerInterrupt                 0x08005399   Thumb Code    32  port.o(i.vPortSetupTimerInterrupt)
    vTaskDelay                               0x080053bd   Thumb Code    66  tasks.o(i.vTaskDelay)
    vTaskStartScheduler                      0x08005409   Thumb Code    90  tasks.o(i.vTaskStartScheduler)
    vTaskSuspendAll                          0x08005475   Thumb Code    10  tasks.o(i.vTaskSuspendAll)
    vTaskSwitchContext                       0x08005485   Thumb Code    82  tasks.o(i.vTaskSwitchContext)
    xPortStartScheduler                      0x080054e1   Thumb Code   222  port.o(i.xPortStartScheduler)
    xTaskCreate                              0x080055d5   Thumb Code    90  tasks.o(i.xTaskCreate)
    xTaskCreateStatic                        0x0800562f   Thumb Code    86  tasks.o(i.xTaskCreateStatic)
    xTaskIncrementTick                       0x08005685   Thumb Code   194  tasks.o(i.xTaskIncrementTick)
    xTaskResumeAll                           0x08005751   Thumb Code   182  tasks.o(i.xTaskResumeAll)
    AHBPrescTable                            0x08005830   Data          16  system_stm32f4xx.o(.constdata)
    APBPrescTable                            0x08005840   Data           8  system_stm32f4xx.o(.constdata)
    xb                                       0x08005848   Data          12  ins_task.o(.constdata)
    yb                                       0x08005854   Data          12  ins_task.o(.constdata)
    zb                                       0x08005860   Data          12  ins_task.o(.constdata)
    IMU_QuaternionEKF_F                      0x08005878   Data         144  quaternionekf.o(.constdata)
    Region$$Table$$Base                      0x08005930   Number         0  anon$$obj.o(Region$$Table)
    Region$$Table$$Limit                     0x08005950   Number         0  anon$$obj.o(Region$$Table)
    BMI088Handle                             0x20000000   Data           4  freertos.o(.data)
    uwTickFreq                               0x20000004   Data           1  stm32f4xx_hal.o(.data)
    uwTickPrio                               0x20000008   Data           4  stm32f4xx_hal.o(.data)
    uwTick                                   0x2000000c   Data           4  stm32f4xx_hal.o(.data)
    SystemCoreClock                          0x20000010   Data           4  system_stm32f4xx.o(.data)
    pxCurrentTCB                             0x20000014   Data           4  tasks.o(.data)
    caliOffset                               0x2000007f   Data           1  bmi088driver.o(.data)
    caliCount                                0x20000080   Data           2  bmi088driver.o(.data)
    BMI088_ACCEL_SEN                         0x20000088   Data           4  bmi088driver.o(.data)
    BMI088_GYRO_SEN                          0x2000008c   Data           4  bmi088driver.o(.data)
    gNormDiff                                0x20000094   Data           4  bmi088driver.o(.data)
    BMI088_SPI                               0x200000c4   Data           4  bmi088middleware.o(.data)
    SysTime                                  0x200000f8   Data           8  bsp_dwt.o(.data)
    CYCCNT64                                 0x20000100   Data           8  bsp_dwt.o(.data)
    INS_DWT_Count                            0x20000108   Data           4  ins_task.o(.data)
    sizeof_float                             0x20000114   Data           2  kalman_filter.o(.data)
    sizeof_double                            0x20000116   Data           2  kalman_filter.o(.data)
    IMU_QuaternionEKF_P                      0x2000015c   Data         144  quaternionekf.o(.data)
    __microlib_freelist                      0x200001ec   Data           4  mvars.o(.data)
    __microlib_freelist_initialised          0x200001f0   Data           4  mvars.o(.data)
    hspi1                                    0x2000044c   Data          88  spi.o(.bss)
    htim6                                    0x200004a4   Data          72  stm32f4xx_hal_timebase_tim.o(.bss)
    gyroDiff                                 0x200041dc   Data          12  bmi088driver.o(.bss)
    BMI088                                   0x20004260   Data          52  bmi088driver.o(.bss)
    INS                                      0x20004294   Data         128  ins_task.o(.bss)
    IMU_Param                                0x20004314   Data          28  ins_task.o(.bss)
    QEKF_INS                                 0x20004330   Data         480  quaternionekf.o(.bss)
    IMU_QuaternionEKF_K                      0x20004510   Data          72  quaternionekf.o(.bss)
    IMU_QuaternionEKF_H                      0x20004558   Data          72  quaternionekf.o(.bss)
    __heap_base                              0x200045a0   Data           0  startup_stm32f407xx.o(HEAP)
    __heap_limit                             0x200065a0   Data           0  startup_stm32f407xx.o(HEAP)
    __initial_sp                             0x200085a0   Data           0  startup_stm32f407xx.o(STACK)



==============================================================================

Memory Map of the image

  Image Entry point : 0x08000189

  Load Region LR_IROM1 (Base: 0x08000000, Size: 0x00005b48, Max: 0x00100000, ABSOLUTE, COMPRESSED[0x000059ac])

    Execution Region ER_IROM1 (Exec base: 0x08000000, Load base: 0x08000000, Size: 0x00005950, Max: 0x00100000, ABSOLUTE)

    Exec Addr    Load Addr    Size         Type   Attr      Idx    E Section Name        Object

    0x08000000   0x08000000   0x00000188   Data   RO            3    RESET               startup_stm32f407xx.o
    0x08000188   0x08000188   0x00000000   Code   RO         5000  * .ARM.Collect$$$$00000000  mc_w.l(entry.o)
    0x08000188   0x08000188   0x00000004   Code   RO         5086    .ARM.Collect$$$$00000001  mc_w.l(entry2.o)
    0x0800018c   0x0800018c   0x00000004   Code   RO         5089    .ARM.Collect$$$$00000004  mc_w.l(entry5.o)
    0x08000190   0x08000190   0x00000000   Code   RO         5091    .ARM.Collect$$$$00000008  mc_w.l(entry7b.o)
    0x08000190   0x08000190   0x00000000   Code   RO         5093    .ARM.Collect$$$$0000000A  mc_w.l(entry8b.o)
    0x08000190   0x08000190   0x00000008   Code   RO         5094    .ARM.Collect$$$$0000000B  mc_w.l(entry9a.o)
    0x08000198   0x08000198   0x00000000   Code   RO         5096    .ARM.Collect$$$$0000000D  mc_w.l(entry10a.o)
    0x08000198   0x08000198   0x00000000   Code   RO         5098    .ARM.Collect$$$$0000000F  mc_w.l(entry11a.o)
    0x08000198   0x08000198   0x00000004   Code   RO         5087    .ARM.Collect$$$$00002712  mc_w.l(entry2.o)
    0x0800019c   0x0800019c   0x000000be   Code   RO         4165    .emb_text           port.o
    0x0800025a   0x0800025a   0x00000002   PAD
    0x0800025c   0x0800025c   0x00000024   Code   RO            4    .text               startup_stm32f407xx.o
    0x08000280   0x08000280   0x00000062   Code   RO         5003    .text               mc_w.l(uldiv.o)
    0x080002e2   0x080002e2   0x00000024   Code   RO         5005    .text               mc_w.l(memcpya.o)
    0x08000306   0x08000306   0x00000024   Code   RO         5009    .text               mc_w.l(memseta.o)
    0x0800032a   0x0800032a   0x000000b0   Code   RO         5041    .text               mf_w.l(fadd.o)
    0x080003da   0x080003da   0x00000064   Code   RO         5043    .text               mf_w.l(fmul.o)
    0x0800043e   0x0800043e   0x0000007c   Code   RO         5045    .text               mf_w.l(fdiv.o)
    0x080004ba   0x080004ba   0x0000001c   Code   RO         5049    .text               mf_w.l(fcmple.o)
    0x080004d6   0x080004d6   0x0000001c   Code   RO         5051    .text               mf_w.l(fcmplt.o)
    0x080004f2   0x080004f2   0x0000001c   Code   RO         5053    .text               mf_w.l(fcmpgt.o)
    0x0800050e   0x0800050e   0x0000001c   Code   RO         5055    .text               mf_w.l(fcmpeq.o)
    0x0800052a   0x0800052a   0x0000001e   Code   RO         5100    .text               mc_w.l(llshl.o)
    0x08000548   0x08000548   0x00000020   Code   RO         5102    .text               mc_w.l(llushr.o)
    0x08000568   0x08000568   0x00000000   Code   RO         5113    .text               mc_w.l(iusefp.o)
    0x08000568   0x08000568   0x0000006e   Code   RO         5114    .text               mf_w.l(fepilogue.o)
    0x080005d6   0x080005d6   0x00000002   PAD
    0x080005d8   0x080005d8   0x00000024   Code   RO         5118    .text               mc_w.l(init.o)
    0x080005fc   0x080005fc   0x00000056   Code   RO         5128    .text               mc_w.l(__dczerorl2.o)
    0x08000652   0x08000652   0x00000002   PAD
    0x08000654   0x08000654   0x00000094   Code   RO         4775    .text.arm_mat_add_f32  arm_cortexM4l_math.lib(arm_mat_add_f32.o)
    0x080006e8   0x080006e8   0x00000008   Code   RO         4785    .text.arm_mat_init_f32  arm_cortexM4l_math.lib(arm_mat_init_f32.o)
    0x080006f0   0x080006f0   0x000002dc   Code   RO         4794    .text.arm_mat_inverse_f32  arm_cortexM4l_math.lib(arm_mat_inverse_f32.o)
    0x080009cc   0x080009cc   0x00000178   Code   RO         4804    .text.arm_mat_mult_f32  arm_cortexM4l_math.lib(arm_mat_mult_f32.o)
    0x08000b44   0x08000b44   0x00000094   Code   RO         4814    .text.arm_mat_sub_f32  arm_cortexM4l_math.lib(arm_mat_sub_f32.o)
    0x08000bd8   0x08000bd8   0x000000b2   Code   RO         4824    .text.arm_mat_trans_f32  arm_cortexM4l_math.lib(arm_mat_trans_f32.o)
    0x08000c8a   0x08000c8a   0x00000002   PAD
    0x08000c8c   0x08000c8c   0x00000010   Code   RO         4341    i.BMI088_ACCEL_NS_H  bmi088middleware.o
    0x08000c9c   0x08000c9c   0x00000010   Code   RO         4342    i.BMI088_ACCEL_NS_L  bmi088middleware.o
    0x08000cac   0x08000cac   0x00000010   Code   RO         4343    i.BMI088_GYRO_NS_H  bmi088middleware.o
    0x08000cbc   0x08000cbc   0x00000010   Code   RO         4344    i.BMI088_GYRO_NS_L  bmi088middleware.o
    0x08000ccc   0x08000ccc   0x000001ac   Code   RO         4246    i.BMI088_Read       bmi088driver.o
    0x08000e78   0x08000e78   0x000000e0   Code   RO         4247    i.BMI088_init       bmi088driver.o
    0x08000f58   0x08000f58   0x00000024   Code   RO         4248    i.BMI088_read_muli_reg  bmi088driver.o
    0x08000f7c   0x08000f7c   0x00000016   Code   RO         4249    i.BMI088_read_single_reg  bmi088driver.o
    0x08000f92   0x08000f92   0x00000002   PAD
    0x08000f94   0x08000f94   0x00000024   Code   RO         4345    i.BMI088_read_write_byte  bmi088middleware.o
    0x08000fb8   0x08000fb8   0x00000012   Code   RO         4250    i.BMI088_write_single_reg  bmi088driver.o
    0x08000fca   0x08000fca   0x000000ea   Code   RO         4531    i.BodyFrameToEarthFrame  ins_task.o
    0x080010b4   0x080010b4   0x00000002   Code   RO          350    i.BusFault_Handler  stm32f4xx_it.o
    0x080010b6   0x080010b6   0x00000002   PAD
    0x080010b8   0x080010b8   0x00000410   Code   RO         4251    i.Calibrate_MPU_Offset  bmi088driver.o
    0x080014c8   0x080014c8   0x00000028   Code   RO         4395    i.DWT_CNT_Update    bsp_dwt.o
    0x080014f0   0x080014f0   0x00000034   Code   RO         4396    i.DWT_Delay         bsp_dwt.o
    0x08001524   0x08001524   0x00000044   Code   RO         4397    i.DWT_GetDeltaT     bsp_dwt.o
    0x08001568   0x08001568   0x00000044   Code   RO         4400    i.DWT_GetTimeline_s  bsp_dwt.o
    0x080015ac   0x080015ac   0x00000048   Code   RO         4402    i.DWT_Init          bsp_dwt.o
    0x080015f4   0x080015f4   0x00000094   Code   RO         4403    i.DWT_SysTimeUpdate  bsp_dwt.o
    0x08001688   0x08001688   0x00000002   Code   RO          351    i.DebugMon_Handler  stm32f4xx_it.o
    0x0800168a   0x0800168a   0x000000ea   Code   RO         4532    i.EarthFrameToBodyFrame  ins_task.o
    0x08001774   0x08001774   0x00000004   Code   RO           13    i.Error_Handler     main.o
    0x08001778   0x08001778   0x00000024   Code   RO         1364    i.HAL_Delay         stm32f4xx_hal.o
    0x0800179c   0x0800179c   0x000001f0   Code   RO          832    i.HAL_GPIO_Init     stm32f4xx_hal_gpio.o
    0x0800198c   0x0800198c   0x0000000a   Code   RO          836    i.HAL_GPIO_WritePin  stm32f4xx_hal_gpio.o
    0x08001996   0x08001996   0x00000002   PAD
    0x08001998   0x08001998   0x0000000c   Code   RO         1370    i.HAL_GetTick       stm32f4xx_hal.o
    0x080019a4   0x080019a4   0x00000010   Code   RO         1376    i.HAL_IncTick       stm32f4xx_hal.o
    0x080019b4   0x080019b4   0x00000034   Code   RO         1377    i.HAL_Init          stm32f4xx_hal.o
    0x080019e8   0x080019e8   0x00000098   Code   RO          438    i.HAL_InitTick      stm32f4xx_hal_timebase_tim.o
    0x08001a80   0x08001a80   0x00000038   Code   RO          414    i.HAL_MspInit       stm32f4xx_hal_msp.o
    0x08001ab8   0x08001ab8   0x0000001a   Code   RO         1222    i.HAL_NVIC_EnableIRQ  stm32f4xx_hal_cortex.o
    0x08001ad2   0x08001ad2   0x00000002   PAD
    0x08001ad4   0x08001ad4   0x00000040   Code   RO         1228    i.HAL_NVIC_SetPriority  stm32f4xx_hal_cortex.o
    0x08001b14   0x08001b14   0x00000024   Code   RO         1229    i.HAL_NVIC_SetPriorityGrouping  stm32f4xx_hal_cortex.o
    0x08001b38   0x08001b38   0x00000134   Code   RO          478    i.HAL_RCC_ClockConfig  stm32f4xx_hal_rcc.o
    0x08001c6c   0x08001c6c   0x00000040   Code   RO          482    i.HAL_RCC_GetClockConfig  stm32f4xx_hal_rcc.o
    0x08001cac   0x08001cac   0x00000020   Code   RO          485    i.HAL_RCC_GetPCLK1Freq  stm32f4xx_hal_rcc.o
    0x08001ccc   0x08001ccc   0x00000064   Code   RO          487    i.HAL_RCC_GetSysClockFreq  stm32f4xx_hal_rcc.o
    0x08001d30   0x08001d30   0x0000036c   Code   RO          490    i.HAL_RCC_OscConfig  stm32f4xx_hal_rcc.o
    0x0800209c   0x0800209c   0x000000bc   Code   RO         1626    i.HAL_SPI_Init      stm32f4xx_hal_spi.o
    0x08002158   0x08002158   0x00000068   Code   RO          309    i.HAL_SPI_MspInit   spi.o
    0x080021c0   0x080021c0   0x000001ee   Code   RO         1635    i.HAL_SPI_TransmitReceive  stm32f4xx_hal_spi.o
    0x080023ae   0x080023ae   0x00000002   Code   RO         2643    i.HAL_TIMEx_BreakCallback  stm32f4xx_hal_tim_ex.o
    0x080023b0   0x080023b0   0x00000002   Code   RO         2644    i.HAL_TIMEx_CommutCallback  stm32f4xx_hal_tim_ex.o
    0x080023b2   0x080023b2   0x0000005a   Code   RO         1939    i.HAL_TIM_Base_Init  stm32f4xx_hal_tim.o
    0x0800240c   0x0800240c   0x00000002   Code   RO         1941    i.HAL_TIM_Base_MspInit  stm32f4xx_hal_tim.o
    0x0800240e   0x0800240e   0x00000002   PAD
    0x08002410   0x08002410   0x00000080   Code   RO         1944    i.HAL_TIM_Base_Start_IT  stm32f4xx_hal_tim.o
    0x08002490   0x08002490   0x00000002   Code   RO         1973    i.HAL_TIM_IC_CaptureCallback  stm32f4xx_hal_tim.o
    0x08002492   0x08002492   0x00000130   Code   RO         1987    i.HAL_TIM_IRQHandler  stm32f4xx_hal_tim.o
    0x080025c2   0x080025c2   0x00000002   Code   RO         1990    i.HAL_TIM_OC_DelayElapsedCallback  stm32f4xx_hal_tim.o
    0x080025c4   0x080025c4   0x00000002   Code   RO         2017    i.HAL_TIM_PWM_PulseFinishedCallback  stm32f4xx_hal_tim.o
    0x080025c6   0x080025c6   0x00000002   PAD
    0x080025c8   0x080025c8   0x00000014   Code   RO           14    i.HAL_TIM_PeriodElapsedCallback  main.o
    0x080025dc   0x080025dc   0x00000002   Code   RO         2030    i.HAL_TIM_TriggerCallback  stm32f4xx_hal_tim.o
    0x080025de   0x080025de   0x00000002   PAD
    0x080025e0   0x080025e0   0x000000fc   Code   RO         4613    i.H_K_R_Adjustment  kalman_filter.o
    0x080026dc   0x080026dc   0x00000002   Code   RO          352    i.HardFault_Handler  stm32f4xx_it.o
    0x080026de   0x080026de   0x00000002   PAD
    0x080026e0   0x080026e0   0x00000158   Code   RO         4693    i.IMU_QuaternionEKF_F_Linearization_P_Fading  quaternionekf.o
    0x08002838   0x08002838   0x000000dc   Code   RO         4694    i.IMU_QuaternionEKF_Init  quaternionekf.o
    0x08002914   0x08002914   0x00000034   Code   RO         4695    i.IMU_QuaternionEKF_Observe  quaternionekf.o
    0x08002948   0x08002948   0x000000c4   Code   RO         4696    i.IMU_QuaternionEKF_SetH  quaternionekf.o
    0x08002a0c   0x08002a0c   0x00000414   Code   RO         4697    i.IMU_QuaternionEKF_Update  quaternionekf.o
    0x08002e20   0x08002e20   0x000003b8   Code   RO         4698    i.IMU_QuaternionEKF_xhatUpdate  quaternionekf.o
    0x080031d8   0x080031d8   0x00000060   Code   RO         4534    i.INS_Init          ins_task.o
    0x08003238   0x08003238   0x00000188   Code   RO         4535    i.INS_Task          ins_task.o
    0x080033c0   0x080033c0   0x000003e8   Code   RO         4614    i.Kalman_Filter_Init  kalman_filter.o
    0x080037a8   0x080037a8   0x00000048   Code   RO         4615    i.Kalman_Filter_Measure  kalman_filter.o
    0x080037f0   0x080037f0   0x0000006a   Code   RO         4616    i.Kalman_Filter_P_Update  kalman_filter.o
    0x0800385a   0x0800385a   0x0000006c   Code   RO         4617    i.Kalman_Filter_PminusUpdate  kalman_filter.o
    0x080038c6   0x080038c6   0x000000cc   Code   RO         4618    i.Kalman_Filter_SetK  kalman_filter.o
    0x08003992   0x08003992   0x00000002   PAD
    0x08003994   0x08003994   0x000000e8   Code   RO         4619    i.Kalman_Filter_Update  kalman_filter.o
    0x08003a7c   0x08003a7c   0x00000074   Code   RO         4620    i.Kalman_Filter_xhatMinusUpdate  kalman_filter.o
    0x08003af0   0x08003af0   0x00000084   Code   RO         4621    i.Kalman_Filter_xhatUpdate  kalman_filter.o
    0x08003b74   0x08003b74   0x00000028   Code   RO          233    i.MX_FREERTOS_Init  freertos.o
    0x08003b9c   0x08003b9c   0x00000080   Code   RO          209    i.MX_GPIO_Init      gpio.o
    0x08003c1c   0x08003c1c   0x00000048   Code   RO          310    i.MX_SPI1_Init      spi.o
    0x08003c64   0x08003c64   0x00000002   Code   RO          353    i.MemManage_Handler  stm32f4xx_it.o
    0x08003c66   0x08003c66   0x00000002   Code   RO          354    i.NMI_Handler       stm32f4xx_it.o
    0x08003c68   0x08003c68   0x0000006c   Code   RO         1664    i.SPI_EndRxTxTransaction  stm32f4xx_hal_spi.o
    0x08003cd4   0x08003cd4   0x000000b8   Code   RO         1669    i.SPI_WaitFlagStateUntilTimeout  stm32f4xx_hal_spi.o
    0x08003d8c   0x08003d8c   0x0000002c   Code   RO         4166    i.SysTick_Handler   port.o
    0x08003db8   0x08003db8   0x00000098   Code   RO           15    i.SystemClock_Config  main.o
    0x08003e50   0x08003e50   0x00000010   Code   RO         2911    i.SystemInit        system_stm32f4xx.o
    0x08003e60   0x08003e60   0x0000000c   Code   RO          355    i.TIM6_DAC_IRQHandler  stm32f4xx_it.o
    0x08003e6c   0x08003e6c   0x000000d8   Code   RO         2032    i.TIM_Base_SetConfig  stm32f4xx_hal_tim.o
    0x08003f44   0x08003f44   0x00000002   Code   RO          356    i.UsageFault_Handler  stm32f4xx_it.o
    0x08003f46   0x08003f46   0x00000026   Code   RO         5067    i.__ARM_fpclassifyf  m_wm.l(fpclassifyf.o)
    0x08003f6c   0x08003f6c   0x00000020   Code   RO         1235    i.__NVIC_SetPriority  stm32f4xx_hal_cortex.o
    0x08003f8c   0x08003f8c   0x00000118   Code   RO         4928    i.__hardfp_acosf    m_wm.l(acosf.o)
    0x080040a4   0x080040a4   0x0000012c   Code   RO         4940    i.__hardfp_asinf    m_wm.l(asinf.o)
    0x080041d0   0x080041d0   0x00000250   Code   RO         4952    i.__hardfp_atan2f   m_wm.l(atan2f.o)
    0x08004420   0x08004420   0x00000150   Code   RO         4964    i.__hardfp_cosf     m_wm.l(cosf.o)
    0x08004570   0x08004570   0x00000190   Code   RO         4976    i.__hardfp_sinf     m_wm.l(sinf.o)
    0x08004700   0x08004700   0x0000003a   Code   RO         4988    i.__hardfp_sqrtf    m_wm.l(sqrtf.o)
    0x0800473a   0x0800473a   0x00000006   Code   RO         5070    i.__mathlib_flt_infnan  m_wm.l(funder.o)
    0x08004740   0x08004740   0x00000006   Code   RO         5071    i.__mathlib_flt_infnan2  m_wm.l(funder.o)
    0x08004746   0x08004746   0x00000002   PAD
    0x08004748   0x08004748   0x00000010   Code   RO         5072    i.__mathlib_flt_invalid  m_wm.l(funder.o)
    0x08004758   0x08004758   0x00000010   Code   RO         5075    i.__mathlib_flt_underflow  m_wm.l(funder.o)
    0x08004768   0x08004768   0x00000154   Code   RO         5083    i.__mathlib_rredf2  m_wm.l(rredf.o)
    0x080048bc   0x080048bc   0x0000000e   Code   RO         5122    i.__scatterload_copy  mc_w.l(handlers.o)
    0x080048ca   0x080048ca   0x00000002   Code   RO         5123    i.__scatterload_null  mc_w.l(handlers.o)
    0x080048cc   0x080048cc   0x0000000e   Code   RO         5124    i.__scatterload_zeroinit  mc_w.l(handlers.o)
    0x080048da   0x080048da   0x00000002   PAD
    0x080048dc   0x080048dc   0x0000000c   Code   RO         5108    i.__set_errno       mc_w.l(errno.o)
    0x080048e8   0x080048e8   0x000000d8   Code   RO         4473    i.biquadFilterInit  filter.o
    0x080049c0   0x080049c0   0x00000034   Code   RO         4474    i.biquadFilterInitLPF  filter.o
    0x080049f4   0x080049f4   0x00000010   Code   RO          234    i.bmi088            freertos.o
    0x08004a04   0x08004a04   0x00000128   Code   RO         4252    i.bmi088_accel_init  bmi088driver.o
    0x08004b2c   0x08004b2c   0x000000fc   Code   RO         4253    i.bmi088_gyro_init  bmi088driver.o
    0x08004c28   0x08004c28   0x0000002c   Code   RO         4699    i.invSqrt           quaternionekf.o
    0x08004c54   0x08004c54   0x00000030   Code   RO           16    i.main              main.o
    0x08004c84   0x08004c84   0x0000000c   Code   RO         3731    i.makeFreeRtosPriority  cmsis_os.o
    0x08004c90   0x08004c90   0x0000006c   Code   RO         5014    i.malloc            mc_w.l(malloc.o)
    0x08004cfc   0x08004cfc   0x0000000e   Code   RO         3733    i.osDelay           cmsis_os.o
    0x08004d0a   0x08004d0a   0x0000000a   Code   RO         3736    i.osKernelStart     cmsis_os.o
    0x08004d14   0x08004d14   0x00000054   Code   RO         3770    i.osThreadCreate    cmsis_os.o
    0x08004d68   0x08004d68   0x00000070   Code   RO         3413    i.prvAddCurrentTaskToDelayedList  tasks.o
    0x08004dd8   0x08004dd8   0x000000d0   Code   RO         3414    i.prvAddNewTaskToReadyList  tasks.o
    0x08004ea8   0x08004ea8   0x00000034   Code   RO         3415    i.prvDeleteTCB      tasks.o
    0x08004edc   0x08004edc   0x0000004c   Code   RO         4098    i.prvHeapInit       heap_4.o
    0x08004f28   0x08004f28   0x00000060   Code   RO         3416    i.prvIdleTask       tasks.o
    0x08004f88   0x08004f88   0x00000098   Code   RO         3417    i.prvInitialiseNewTask  tasks.o
    0x08005020   0x08005020   0x0000004c   Code   RO         4099    i.prvInsertBlockIntoFreeList  heap_4.o
    0x0800506c   0x0800506c   0x00000020   Code   RO         3418    i.prvResetNextTaskUnblockTime  tasks.o
    0x0800508c   0x0800508c   0x00000028   Code   RO         4167    i.prvTaskExitError  port.o
    0x080050b4   0x080050b4   0x00000034   Code   RO         4478    i.pt1FilterInit     filter.o
    0x080050e8   0x080050e8   0x000000dc   Code   RO         4100    i.pvPortMalloc      heap_4.o
    0x080051c4   0x080051c4   0x0000002c   Code   RO         4168    i.pxPortInitialiseStack  port.o
    0x080051f0   0x080051f0   0x0000003e   Code   RO         4990    i.sqrtf             m_wm.l(sqrtf.o)
    0x0800522e   0x0800522e   0x00000026   Code   RO         3049    i.uxListRemove      list.o
    0x08005254   0x08005254   0x00000014   Code   RO          235    i.vApplicationGetIdleTaskMemory  freertos.o
    0x08005268   0x08005268   0x00000016   Code   RO         3050    i.vListInitialise   list.o
    0x0800527e   0x0800527e   0x00000006   Code   RO         3051    i.vListInitialiseItem  list.o
    0x08005284   0x08005284   0x00000030   Code   RO         3052    i.vListInsert       list.o
    0x080052b4   0x080052b4   0x00000018   Code   RO         3053    i.vListInsertEnd    list.o
    0x080052cc   0x080052cc   0x00000040   Code   RO         4170    i.vPortEnterCritical  port.o
    0x0800530c   0x0800530c   0x00000028   Code   RO         4171    i.vPortExitCritical  port.o
    0x08005334   0x08005334   0x00000064   Code   RO         4101    i.vPortFree         heap_4.o
    0x08005398   0x08005398   0x00000024   Code   RO         4172    i.vPortSetupTimerInterrupt  port.o
    0x080053bc   0x080053bc   0x0000004c   Code   RO         3427    i.vTaskDelay        tasks.o
    0x08005408   0x08005408   0x0000006c   Code   RO         3440    i.vTaskStartScheduler  tasks.o
    0x08005474   0x08005474   0x00000010   Code   RO         3442    i.vTaskSuspendAll   tasks.o
    0x08005484   0x08005484   0x0000005c   Code   RO         3443    i.vTaskSwitchContext  tasks.o
    0x080054e0   0x080054e0   0x000000f4   Code   RO         4174    i.xPortStartScheduler  port.o
    0x080055d4   0x080055d4   0x0000005a   Code   RO         3446    i.xTaskCreate       tasks.o
    0x0800562e   0x0800562e   0x00000056   Code   RO         3447    i.xTaskCreateStatic  tasks.o
    0x08005684   0x08005684   0x000000cc   Code   RO         3454    i.xTaskIncrementTick  tasks.o
    0x08005750   0x08005750   0x000000c4   Code   RO         3460    i.xTaskResumeAll    tasks.o
    0x08005814   0x08005814   0x0000001c   Data   RO          237    .constdata          freertos.o
    0x08005830   0x08005830   0x00000010   Data   RO         2912    .constdata          system_stm32f4xx.o
    0x08005840   0x08005840   0x00000008   Data   RO         2913    .constdata          system_stm32f4xx.o
    0x08005848   0x08005848   0x00000030   Data   RO         4539    .constdata          ins_task.o
    0x08005878   0x08005878   0x00000090   Data   RO         4701    .constdata          quaternionekf.o
    0x08005908   0x08005908   0x00000020   Data   RO         5084    .constdata          m_wm.l(rredf.o)
    0x08005928   0x08005928   0x00000007   Data   RO          238    .conststring        freertos.o
    0x0800592f   0x0800592f   0x00000001   PAD
    0x08005930   0x08005930   0x00000020   Data   RO         5120    Region$$Table       anon$$obj.o


    Execution Region RW_IRAM1 (Exec base: 0x20000000, Load base: 0x08005950, Size: 0x000085a0, Max: 0x0001c000, ABSOLUTE, COMPRESSED[0x0000005c])

    Exec Addr    Load Addr    Size         Type   Attr      Idx    E Section Name        Object

    0x20000000   COMPRESSED   0x00000004   Data   RW          239    .data               freertos.o
    0x20000004   COMPRESSED   0x0000000c   Data   RW         1384    .data               stm32f4xx_hal.o
    0x20000010   COMPRESSED   0x00000004   Data   RW         2914    .data               system_stm32f4xx.o
    0x20000014   COMPRESSED   0x0000003c   Data   RW         3463    .data               tasks.o
    0x20000050   COMPRESSED   0x00000020   Data   RW         4107    .data               heap_4.o
    0x20000070   COMPRESSED   0x0000000c   Data   RW         4175    .data               port.o
    0x2000007c   COMPRESSED   0x00000048   Data   RW         4255    .data               bmi088driver.o
    0x200000c4   COMPRESSED   0x00000004   Data   RW         4346    .data               bmi088middleware.o
    0x200000c8   COMPRESSED   0x00000040   Data   RW         4404    .data               bsp_dwt.o
    0x20000108   COMPRESSED   0x0000000c   Data   RW         4540    .data               ins_task.o
    0x20000114   COMPRESSED   0x00000004   Data   RW         4622    .data               kalman_filter.o
    0x20000118   COMPRESSED   0x000000d4   Data   RW         4702    .data               quaternionekf.o
    0x200001ec   COMPRESSED   0x00000004   Data   RW         5104    .data               mc_w.l(mvars.o)
    0x200001f0   COMPRESSED   0x00000004   Data   RW         5105    .data               mc_w.l(mvars.o)
    0x200001f4   COMPRESSED   0x00000004   Data   RW         5109    .data               mc_w.l(errno.o)
    0x200001f8        -       0x00000254   Zero   RW          236    .bss                freertos.o
    0x2000044c        -       0x00000058   Zero   RW          311    .bss                spi.o
    0x200004a4        -       0x00000048   Zero   RW          441    .bss                stm32f4xx_hal_timebase_tim.o
    0x200004ec        -       0x000000f0   Zero   RW         3462    .bss                tasks.o
    0x200005dc        -       0x00003c00   Zero   RW         4106    .bss                heap_4.o
    0x200041dc        -       0x000000b8   Zero   RW         4254    .bss                bmi088driver.o
    0x20004294        -       0x0000009c   Zero   RW         4538    .bss                ins_task.o
    0x20004330        -       0x00000270   Zero   RW         4700    .bss                quaternionekf.o
    0x200045a0        -       0x00002000   Zero   RW            2    HEAP                startup_stm32f407xx.o
    0x200065a0        -       0x00002000   Zero   RW            1    STACK               startup_stm32f407xx.o


    Execution Region RW_IRAM2 (Exec base: 0x2001c000, Load base: 0x080059ac, Size: 0x00000000, Max: 0x00004000, ABSOLUTE)

    **** No section assigned to this execution region ****


==============================================================================

Image component sizes


      Code (inc. data)   RO Data    RW Data    ZI Data      Debug   Object Name

      2316        124          0         72        184      11229   bmi088driver.o
       100         26          0          4          0       3004   bmi088middleware.o
       448         68          0         64          0       4426   bsp_dwt.o
       120          0          0          0          0      23221   cmsis_os.o
         0          0          0          0          0      16852   event_groups.o
       320         24          0          0          0       3094   filter.o
        76         14         35          4        596      15795   freertos.o
       128         10          0          0          0        943   gpio.o
       472         24          0         32      15360       7363   heap_4.o
       956         58         48         12        156       6517   ins_task.o
      2222         20          0          4          0       8859   kalman_filter.o
       138          0          0          0          0       3498   list.o
       224         20          0          0          0     722904   main.o
       702         72          0         12          0      10908   port.o
      2852        168        144        212        624       8166   quaternionekf.o
       176         20          0          0         88       1661   spi.o
        36          8        392          0      16384        828   startup_stm32f407xx.o
       116         18          0         12          0       8674   stm32f4xx_hal.o
       158         14          0          0          0      32990   stm32f4xx_hal_cortex.o
       506         46          0          0          0       2168   stm32f4xx_hal_gpio.o
        56          4          0          0          0        854   stm32f4xx_hal_msp.o
      1380         74          0          0          0       5258   stm32f4xx_hal_rcc.o
       974         14          0          0          0       4961   stm32f4xx_hal_spi.o
       748         74          0          0          0       7440   stm32f4xx_hal_tim.o
         4          0          0          0          0       1609   stm32f4xx_hal_tim_ex.o
       152         20          0          0         72       1459   stm32f4xx_hal_timebase_tim.o
        24          6          0          0          0       3211   stm32f4xx_it.o
         0          0          0          0          0        384   stream_buffer.o
        16          4         24          4          0       1103   system_stm32f4xx.o
      1520        112          0         60        240      19362   tasks.o

    ----------------------------------------------------------------------
     16960       1042        676        492      33704     938741   Object Totals
         0          0         32          0          0          0   (incl. Generated)
        20          0          1          0          0          0   (incl. Padding)

    ----------------------------------------------------------------------

      Code (inc. data)   RO Data    RW Data    ZI Data      Debug   Library Member Name

       148          0          0          0          0       1719   arm_mat_add_f32.o
         8          0          0          0          0        841   arm_mat_init_f32.o
       732          0          0          0          0       3257   arm_mat_inverse_f32.o
       376          0          0          0          0       2510   arm_mat_mult_f32.o
       148          0          0          0          0       1719   arm_mat_sub_f32.o
       178          0          0          0          0       1815   arm_mat_trans_f32.o
       280         46          0          0          0        176   acosf.o
       300         42          0          0          0        176   asinf.o
       592         90          0          0          0        184   atan2f.o
       336         56          0          0          0        136   cosf.o
        38          0          0          0          0        116   fpclassifyf.o
        44         12          0          0          0        464   funder.o
       340         24         32          0          0        160   rredf.o
       400         56          0          0          0        212   sinf.o
       120          0          0          0          0        272   sqrtf.o
        86          0          0          0          0          0   __dczerorl2.o
         0          0          0          0          0          0   entry.o
         0          0          0          0          0          0   entry10a.o
         0          0          0          0          0          0   entry11a.o
         8          4          0          0          0          0   entry2.o
         4          0          0          0          0          0   entry5.o
         0          0          0          0          0          0   entry7b.o
         0          0          0          0          0          0   entry8b.o
         8          4          0          0          0          0   entry9a.o
        12          6          0          4          0         68   errno.o
        30          0          0          0          0          0   handlers.o
        36          8          0          0          0         68   init.o
         0          0          0          0          0          0   iusefp.o
        30          0          0          0          0         68   llshl.o
        32          0          0          0          0         68   llushr.o
       108         16          0          0          0         84   malloc.o
        36          0          0          0          0         68   memcpya.o
        36          0          0          0          0        108   memseta.o
         0          0          0          8          0          0   mvars.o
        98          0          0          0          0         92   uldiv.o
       176          0          0          0          0        140   fadd.o
        28          0          0          0          0         68   fcmpeq.o
        28          0          0          0          0         68   fcmpgt.o
        28          0          0          0          0         68   fcmple.o
        28          0          0          0          0         68   fcmplt.o
       124          0          0          0          0         88   fdiv.o
       110          0          0          0          0        168   fepilogue.o
       100          0          0          0          0         76   fmul.o

    ----------------------------------------------------------------------
      5196        364         32         12          0      15125   Library Totals
        10          0          0          0          0          0   (incl. Padding)

    ----------------------------------------------------------------------

      Code (inc. data)   RO Data    RW Data    ZI Data      Debug   Library Name

      1590          0          0          0          0      11861   arm_cortexM4l_math.lib
      2450        326         32          0          0       1896   m_wm.l
       524         38          0         12          0        624   mc_w.l
       622          0          0          0          0        744   mf_w.l

    ----------------------------------------------------------------------
      5196        364         32         12          0      15125   Library Totals

    ----------------------------------------------------------------------

==============================================================================


      Code (inc. data)   RO Data    RW Data    ZI Data      Debug   

     22156       1406        708        504      33704     940294   Grand Totals
     22156       1406        708         92      33704     940294   ELF Image Totals (compressed)
     22156       1406        708         92          0          0   ROM Totals

==============================================================================

    Total RO  Size (Code + RO Data)                22864 (  22.33kB)
    Total RW  Size (RW Data + ZI Data)             34208 (  33.41kB)
    Total ROM Size (Code + RO Data + RW Data)      22956 (  22.42kB)

==============================================================================

